[1] 0
[8] 0
[18] I_am_the_admin 奥斯卡 foo@bar.com 10
[20] 0
[29] 0
[37] 0
[39] 0
[43] 0
[52] 0
[57] 0
[59] 0
[66] Plume 翎羽 PARTY.A.spectre@is.haunting 9
[67] I_am_the_admin 奥斯卡 foo@bar.com 10
[68] Plume 翎羽 PARTY.A.spectre@is.haunting 9
[77] 0
[86] 0
[90] 0
[100] 0
[101] 0
[103] 0
[104] 0
[111] 0
[120] 0
[125] 0
[127] Haze 夜烟 Czar.Metternich@and.Guizot 3
[131] Astesia 星极 Europethe.spectre@of.Communism 6
[133] Haze 夜烟 policespies@Where.is 3
[136] 0
[144] 0
[151] 0
[153] 0
[154] Haze 夜烟 policespies@Where.is 3
[158] 0
[166] 0
[167] 0
[177] 0
[183] 0
[187] 0
[193] Ansel 安赛尔 opponents.in@power.Where 4
[202] 0
[210] 0
[211] 0
[219] -1
[225] Snowsant 雪雉 is.the.Opposition@that.has 3
[235] 0
[237] -1
[246] 0
[248] 0
[252] 0
[262] 0
[263] -1
[269] Scavenger 清道夫 opposition@parties.as 3
[279] Snowsant 雪雉 is.the.Opposition@that.has 3
[287] Blaze 煌煌 against.the@more.advanced 1
[293] Scavenger 清道夫 opposition@parties.as 3
[295] 0
[296] 0
[301] Snowsant 雪雉 is.the.Opposition@that.has 3
[311] 0
[313] 0
[318] Haze 夜烟 policespies@Where.is 3
[326] 0
[327] 0
[332] 0
[333] 0
[339] Conviction 断罪者 I.Communism@is.already 2
[345] 0
[349] -1
[356] 0
[357] Snowsant 雪雉 is.the.Opposition@that.has 3
[362] Snowsant 雪雉 is.the.Opposition@that.has 3
[370] Haze 夜烟 policespies@Where.is 3
[377] Ansel 安赛尔 opponents.in@power.Where 4
[379] 0
[385] 0
[394] 0
[403] 0
[408] 0
[411] Nightmare 夜魔 is.high.time@that.Communists 4
[412] Ansel 安赛尔 opponents.in@power.Where 4
[421] -1
[424] 0
[431] 0
[433] 0
[437] 0
[447] Ansel 安赛尔 opponents.in@power.Where 4
[450] -1
[459] 0
[464] -1
[469] Mousse 慕斯 itself.a.Power@II.It 4
[470] 0
[478] 0
[488] 0
[495] 0
[498] Conviction 断罪者 I.Communism@is.already 2
[508] 0
[513] 0
[519] Haze 夜烟 policespies@Where.is 3
[520] 0
[524] 0
[527] 0
[530] 0
[540] 0
[548] 0
[557] 0
[561] -1
[568] Conviction 断罪者 I.Communism@is.already 2
[578] 0
[585] 0
[593] 0
[596] -1
[600] Conviction 断罪者 I.Communism@is.already 2
[609] Hellagur 赫拉格 meet.this.nursery@tale.of 3
[611] Rope 暗索 in.London.and@sketched.the 4
[619] 0
[628] -1
[634] Nightmare 夜魔 is.high.time@that.Communists 4
[643] 0
[648] 0
[650] 0
[654] 0
[657] 0
[662] 0
[664] 0
[667] 0
[670] 0
[676] 0
[679] 0
[680] 0
[689] 0
[690] 0
[696] 0
[705] 0
[713] Phantom 傀影 following.Manifesto@to.be 2
[716] Rope 暗索 in.London.and@sketched.the 4
[725] 0
[728] 0
[738] 0
[747] -1
[752] 0
[759] 0
[768] 0
[776] 0
[786] 0
[790] 0
[798] 0
[808] 0
[816] 0
[819] Conviction 断罪者 that.each.time@ended.either 2
[820] 0
[822] 0
[826] Ambriel 安比尔 history.of@all.hitherto 3
[828] Conviction 断罪者 that.each.time@ended.either 2
[835] 0
[839] -1
[844] Grani 格拉尼 in.a.word.oppressor@and.oppres 1
[848] Mousse 慕斯 itself.a.Power@II.It 4
[857] Ambriel 安比尔 history.of@all.hitherto 3
[866] -1
[875] Hellagur 赫拉格 meet.this.nursery@tale.of 3
[883] Grani 格拉尼 in.a.word.oppressor@and.oppres 1
[889] 0
[890] 0
[899] Nian 年年 in.the.common@ruin.of 1
[906] Courier 讯使 end.Communists@of.various 1
[908] Scavenger 清道夫 opposition@parties.as 3
[912] Snowsant 雪雉 is.the.Opposition@that.has 3
[914] 0
[920] 0
[929] 0
[932] 0
[941] 0
[946] W 达不溜 French.German@Italian.Flemish 2
[948] Scavenger 清道夫 opposition@parties.as 3
[957] Snowsant 雪雉 is.the.Opposition@that.has 3
[962] 0
[968] 0
[971] 0
[980] 0
[981] -1
[983] Fang 芬芬 nationalities@have.assembled 3
[984] Bison 拜松 one.another@carried.on 1
[993] Vigna 红豆 adversaries@Two.things 5
[998] 0
[1001] 0
[1007] 0
[1015] -1
[1022] 0
[1025] -1
[1029] 0
[1032] 0
[1042] 0
[1049] 0
[1057] Ceobe 刻俄柏 acknowledged@by.all 4
[1058] 0
[1061] 0
[1063] 0
[1071] Haze 夜烟 policespies@Where.is 3
[1076] -1
[1080] 0
[1087] 0
[1089] Ambriel 安比尔 history.of@all.hitherto 3
[1098] Ambriel 安比尔 history.of@all.hitherto 3
[1101] 0
[1105] 0
[1108] 0
[1112] -1
[1121] 0
[1130] 0
[1133] Mousse 慕斯 itself.a.Power@II.It 4
[1135] Sussurro 苏苏洛 into.various@orders.a 1
[1145] 0
[1155] 0
[1164] 0
[1168] 0
[1178] Mousse 慕斯 itself.a.Power@II.It 4
[1180] NoirCorne 黑角 face.of.the@whole.world 4
[1187] Provence 普罗旺斯 aims.their@tendencies.and 4
[1188] WaaiFu 槐琥 have.patricians@knights.plebei 1
[1193] 0
[1201] Ifrit 伊芙利特 slaves.in.the@Middle.Ages 3
[1203] Sesa 慑砂 everywhere@a.complicated 4
[1209] Mousse 慕斯 itself.a.Power@II.It 4
[1213] Ambriel 安比尔 history.of@all.hitherto 3
[1214] Bison 拜松 one.another@carried.on 1
[1222] Zima 凛冬 classes.again@subordinate.grad 1
[1229] Liskarm 雷蛇 the.Spectre@of.Communism 3
[1233] 0
[1243] 0
[1250] 0
[1255] 0
[1261] Schwarz 黑黑 and.Danish@languages.I 1
[1269] 0
[1271] 0
[1278] 0
[1279] 0
[1289] Popukar 泡普卡 journeymen@apprentices.serfs 1
[1291] 0
[1295] 0
[1296] Greyy 格雷 new.forms.of@struggle.in 4
[1303] Ambriel 安比尔 history.of@all.hitherto 3
[1311] 0
[1320] 0
[1328] 0
[1338] 0
[1339] ProjeKTRed 红红 place.of.the@old.ones 1
[1349] Magallan 麦哲伦 arrangement@of.society 2
[1353] Eyjafjalla 艾雅法拉 but.established@new.classes 1
[1361] NoirCorne 黑角 face.of.the@whole.world 4
[1370] Ambriel 安比尔 the.bourgeoisie@possesses.howe 3
[1377] Greyy 格雷 new.forms.of@struggle.in 4
[1384] Frostleaf 霜叶 existing.societies@is.the 1
[1385] 0
[1389] 0
[1393] 0
[1403] 0
[1411] Haze 夜烟 antagonisms@Society.as 3
[1417] 0
[1419] 0
[1420] Ifrit 伊芙利特 slaves.in.the@Middle.Ages 3
[1429] 0
[1434] Gummy 古米 new.conditions@of.oppression 4
[1441] Conviction 断罪者 that.each.time@ended.either 2
[1449] Purestream 清流 this.distinctive@feature.it 2
[1451] Sora 空空 manifold.gradation@of.social 2
[1453] Courier 讯使 more.splitting@up.into 1
[1461] 0
[1471] 0
[1480] 0
[1486] Scavenger 清道夫 opposition@parties.as 3
[1490] FEater 食铁兽 not.done.away@with.class 1
[1493] Sora 空空 manifold.gradation@of.social 2
[1500] Popukar 泡普卡 journeymen@apprentices.serfs 1
[1506] 0
[1509] 0
[1516] 0
[1522] 0
[1523] 0
[1528] 0
[1533] 0
[1536] Courier 讯使 more.splitting@up.into 1
[1540] 0
[1545] 0
[1551] Broca 布洛卡 serfs.of.the@Middle.Ages 4
[1558] 0
[1560] -1
[1565] Fang 芬芬 nationalities@have.assembled 3
[1570] Gummy 古米 new.conditions@of.oppression 4
[1576] Courier 讯使 more.splitting@up.into 1
[1580] 0
[1584] -1
[1593] Durin 杜林 Proletariat@From.the 1
[1599] 0
[1606] 0
[1607] Eyjafjalla 艾雅法拉 but.established@new.classes 1
[1615] Nian 年年 in.the.common@ruin.of 1
[1621] Executor 送葬人 two.great.hostile@camps.into 1
[1628] Croissant 可颂 ruins.of.feudal@society.has 4
[1635] 0
[1637] Gummy 古米 new.conditions@of.oppression 4
[1644] Zima 凛冬 classes.again@subordinate.grad 1
[1653] 0
[1658] 0
[1668] ProjeKTRed 红红 place.of.the@old.ones 1
[1678] Shining 闪灵 publish.their@views.their 1
[1686] Fang 芬芬 nationalities@have.assembled 3
[1693] Mousse 慕斯 itself.a.Power@II.It 4
[1703] Conviction 断罪者 that.each.time@ended.either 2
[1710] -1
[1716] Ceobe 刻俄柏 acknowledged@by.all 4
[1721] Snowsant 雪雉 is.the.Opposition@that.has 3
[1722] 0
[1729] 0
[1734] 0
[1736] 0
[1742] Scavenger 清道夫 opposition@parties.as 3
[1746] 0
[1752] 0
[1754] 0
[1757] 0
[1759] 0
[1764] 0
[1770] Aak 阿阿 an.uninterrupted@now.hidden 1
[1778] Sideroca 铸铁 of.the.earliest@towns.From 2
[1782] 0
[1783] 0
[1789] 0
[1792] 0
[1798] Broca 布洛 serfs.of.the@Middle.Ages 4
[1799] 0
[1803] 0
[1808] Gavial 嘉维尔 each.other@Bourgeoisie.and 1
[1814] 0
[1818] Rope 暗索 in.London.and@sketched.the 4
[1823] Sora 空空 manifold.gradation@of.social 2
[1831] 0
[1838] 0
[1841] Durin 杜林 Proletariat@From.the 1
[1850] Bison 拜松 one.another@carried.on 1
[1857] 0
[1862] 0
[1864] -1
[1867] Bibeak 柏喙 rising.bourgeoisie@The.EastInd 1
[1871] 0
[1881] 0
[1885] GreyThroat 灰喉 means.of.exchange@and.in 2
[1893] Eyjafjalla 艾雅法拉 but.established@new.classes 1
[1902] Schwarz 黑黑 and.Danish@languages.I 1
[1905] Courier 讯使 more.splitting@up.into 1
[1911] Gravel 砾砾 trade.with@the.colonies 4
[1915] Amiya 阿米娅 commodities@generally.gave 2
[1922] 0
[1930] Deepcolor 深海色 The.modern@bourgeois.society 3
[1935] Mousse 慕斯 itself.a.Power@II.It 4
[1936] Fang 芬芬 to.commerce@to.navigation 3
[1940] Nian 年年 in.the.common@ruin.of 1
[1949] 0
[1957] Hung 吽吽 that.has.sprouted@from.the 3
[1965] 0
[1974] 0
[1980] Hung 吽吽 that.has.sprouted@from.the 3
[1985] 0
[1991] -1
[1996] Sideroca 铸铁 of.the.earliest@towns.From 2
[2001] Purestream 清流 this.distinctive@feature.it 2
[2010] Gavial 嘉维尔 each.other@Bourgeoisie.and 1
[2013] -1
[2015] Sora 空空 manifold.gradation@of.social 2
[2021] 0
[2022] 0
[2027] 0
[2029] 0
[2035] Sideroca 铸铁 of.the.earliest@towns.From 2
[2040] Liskarm 雷蛇 the.Spectre@of.Communism 3
[2049] 0
[2051] Gummy 古米 new.conditions@of.oppression 4
[2055] 0
[2058] Rope 暗索 in.London.and@sketched.the 4
[2068] 0
[2077] 0
[2085] 0
[2086] 0
[2092] Gummy 古米 new.conditions@of.oppression 4
[2095] Ambriel 安比尔 the.bourgeoisie@possesses.howe 3
[2096] Magallan 麦哲伦 arrangement@of.society 2
[2101] Gravel 砾砾 trade.with@the.colonies 4
[2105] Eyjafjalla 艾雅法拉 but.established@new.classes 1
[2112] Courier 讯使 more.splitting@up.into 1
[2118] Siege 推进之王 in.a.revolutionary@reconstitut 1
[2124] Savage 暴行 fresh.ground@for.the 1
[2126] Rope 暗索 in.London.and@sketched.the 4
[2130] Broca 布洛 serfs.of.the@Middle.Ages 4
[2137] Greyy 格雷 new.forms.of@struggle.in 4
[2144] Frostleaf 霜叶 existing.societies@is.the 1
[2148] Schwarz 黑黑 and.Danish@languages.I 1
[2150] 0
[2160] Weedy 温蒂 with.a.Manifesto@of.the 2
[2162] -1
[2169] 0
[2170] 0
[2175] 0
[2184] Scavenger 清道夫 opposition@parties.as 3
[2186] Snowsant 雪雉 is.the.Opposition@that.has 3
[2195] Zima 凛冬 classes.again@subordinate.grad 1
[2204] Gummy 古米 new.conditions@of.oppression 4
[2211] Phantom 傀影 following.Manifesto@to.be 2
[2220] Ceobe 刻俄柏 development@The.feudal 4
[2228] Sussurro 苏苏洛 into.various@orders.a 1
[2230] 0
[2240] 0
[2248] Ceobe 刻俄柏 development@The.feudal 4
[2249] Hellagur 赫拉格 meet.this.nursery@tale.of 3
[2258] Franka 芙兰卡 and.Chinese@markets.the 1
[2262] Purestream 清流 this.distinctive@feature.it 2
[2266] 0
[2267] 0
[2268] Gavial 嘉维尔 each.other@Bourgeoisie.and 1
[2278] 0
[2280] 0
[2283] NoirCorne 黑角 face.of.the@whole.world 4
[2290] Deepcolor 深海色 The.modern@bourgeois.society 3
[2291] Popukar 泡普卡 journeymen@apprentices.serfs 1
[2296] 0
[2304] 0
[2310] Gravel 砾砾 trade.with@the.colonies 4
[2313] Gravel 砾砾 trade.with@the.colonies 4
[2322] 0
[2332] 0
[2340] 0
[2346] Greyy 格雷 new.forms.of@struggle.in 4
[2354] 0
[2355] Ceobe 刻俄柏 development@The.feudal 4
[2365] Utage 宴宴 never.before@known.and 2
[2374] Sideroca 铸铁 of.the.earliest@towns.From 2
[2376] Silence 赫默 has.simplified@the.class 2
[2386] Greyy 格雷 new.forms.of@struggle.in 4
[2392] WaaiFu 槐琥 have.patricians@knights.plebei 1
[2398] Blaze 煌煌 against.the@more.advanced 1
[2406] Schwarz 黑黑 wants.of.the@new.markets 1
[2416] 0
[2423] 0
[2425] Eyjafjalla 艾雅法 its.place.The@guildmasters.wer 1
[2432] 0
[2442] 0
[2445] Durin 杜林 Proletariat@From.the 1
[2454] Weedy 温蒂 with.a.Manifesto@of.the 2
[2463] Mousse 慕斯 itself.a.Power@II.It 4
[2470] Eyjafjalla 艾雅法 its.place.The@guildmasters.wer 1
[2480] W 达不溜 French.German@Italian.Flemish 2
[2485] Hellagur 赫拉格 meet.this.nursery@tale.of 3
[2488] Ptilopsis 白面鸮 element.in@the.tottering 3
[2495] Lava 炎熔 feudal.society@a.rapid 1
[2499] Aak 阿阿 an.uninterrupted@now.hidden 1
[2503] Scavenger 清道 the.manufacturing@middle.class 3
[2509] Sideroca 铸铁 of.the.earliest@towns.From 2
[2512] Bison 拜松 one.another@carried.on 1
[2513] 0
[2518] Bibeak 柏喙 rising.bourgeoisie@The.EastInd 1
[2519] Reed 苇草 industrial@production.was 3
[2523] Purestream 清流 this.distinctive@feature.it 2
[2525] 0
[2531] 0
[2536] 0
[2543] Silence 赫默 has.simplified@the.class 2
[2551] Purestream 清流 this.distinctive@feature.it 2
[2558] Meteor 流星 to.industry@an.impulse 2
[2559] Aak 阿阿 an.uninterrupted@now.hidden 1
[2568] -1
[2572] Midnight 月见夜 a.whole.is@more.and 3
[2574] Silence 赫默 has.simplified@the.class 2
[2584] 0
[2586] 0
[2587] 0
[2589] Savage 暴行 fresh.ground@for.the 1
[2596] Ceobe 刻俄柏 vanished.in@the.face 4
[2606] Sussurro 苏苏洛 of.division@of.labour 1
[2611] Siege 推进之王 in.a.revolutionary@reconstitut 1
[2616] Frostleaf 霜叶 existing.societies@is.the 1
[2620] 0
[2626] 0
[2632] Orchid 梓兰 two.great.classes@directly.fac 1
[2634] Frostleaf 霜叶 existing.societies@is.the 1
[2638] Ptilopsis 白面鸮 element.in@the.tottering 3
[2644] Breeze 微风 now.open.fight@a.fight 1
[2645] 0
[2651] 0
[2658] Hellagur 赫拉格 meet.this.nursery@tale.of 3
[2667] Greyy 格雷 new.forms.of@struggle.in 4
[2676] Schwarz 黑黑 wants.of.the@new.markets 1
[2681] Magallan 麦哲伦 arrangement@of.society 2
[2686] FEater 食铁兽 not.done.away@with.class 1
[2690] NoirCorne 黑角 face.of.the@whole.world 4
[2694] Gravel 砾砾 trade.with@the.colonies 4
[2696] Ceylon 锡兰 The.manufacturing@system.took 4
[2701] Croissant 可颂 ruins.of.feudal@society.has 4
[2702] 0
[2709] 0
[2713] Magallan 麦哲伦 arrangement@of.society 2
[2715] Magallan 麦哲伦 arrangement@of.society 2
[2724] Amiya 阿米娅 commodities@generally.gave 2
[2729] Conviction 断罪者 that.each.time@ended.either 2
[2734] Haze 夜烟 antagonisms@Society.as 3
[2736] Bison 拜松 one.another@carried.on 1
[2743] Executor 送葬人 two.great.hostile@camps.into 1
[2744] Matterhorn 角峰 pushed.on.one@side.by 4
[2752] Angelina 安洁莉娜 monopolised@by.closed 1
[2757] Angelina 安洁莉娜 monopolised@by.closed 1
[2765] Exusiai 能天使 growing.the@demand.ever 1
[2769] WaaiFu 槐琥 have.patricians@knights.plebei 1
[2772] Purestream 清流 this.distinctive@feature.it 2
[2773] Weedy 温蒂 with.a.Manifesto@of.the 2
[2778] Matterhorn 角峰 pushed.on.one@side.by 4
[2787] Shining 闪灵 publish.their@views.their 1
[2796] Savage 暴行 fresh.ground@for.the 1
[2804] Croissant 可颂 ruins.of.feudal@society.has 4
[2814] 0
[2818] -1
[2819] 0
[2821] 0
[2828] -1
[2833] -1
[2842] Broca 布洛 serfs.of.the@Middle.Ages 4
[2852] Hibiscus 芙蓉 thereby.to@the.revolutionary 2
[2855] Grani 格拉尼 in.a.word.oppressor@and.oppres 1
[2861] Schwarz 黑黑 wants.of.the@new.markets 1
[2864] 0
[2871] Reed 苇草 industrial@production.was 3
[2873] Sesa 慑砂 everywhere@a.complicated 4
[2881] Lava 炎熔 feudal.society@a.rapid 1
[2882] Blaze 煌煌 against.the@more.advanced 1
[2883] Durin 杜林 Proletariat@From.the 1
[2885] Provence 普罗旺斯 aims.their@tendencies.and 4
[2894] 0
[2904] 0
[2914] Midnight 月见夜 a.whole.is@more.and 3
[2917] Hung 吽吽 that.has.sprouted@from.the 3
[2919] Orchid 梓兰 two.great.classes@directly.fac 1
[2926] Silence 赫默 has.simplified@the.class 2
[2931] Rope 暗索 in.London.and@sketched.the 4
[2939] Shining 闪灵 publish.their@views.their 1
[2948] -1
[2956] Bibeak 柏喙 rising.bourgeoisie@The.EastInd 1
[2962] Ambriel 安比尔 the.bourgeoisie@possesses.howe 3
[2969] GreyThroat 灰喉 means.of.exchange@and.in 2
[2974] Haze 夜烟 antagonisms@Society.as 3
[2982] 0
[2984] Frostleaf 霜叶 existing.societies@is.the 1
[2989] Phantom 傀影 following.Manifesto@to.be 2
[2995] Franka 芙兰卡 and.Chinese@markets.the 1
[3000] Greyy 格雷 new.forms.of@struggle.in 4
[3008] Snowsant 雪雉 is.the.Opposition@that.has 3
[3017] Ambriel 安比尔 the.bourgeoisie@possesses.howe 3
[3025] Savage 暴行 fresh.ground@for.the 1
[3029] Meteor 流星 to.industry@an.impulse 2
[3038] 0
[3042] Ceylon 锡兰 The.manufacturing@system.took 4
[3048] FEater 食铁兽 not.done.away@with.class 1
[3050] Siege 推进之王 in.a.revolutionary@reconstitut 1
[3053] 0
[3056] 0
[3059] Sora 空空 manifold.gradation@of.social 2
[3065] Hibiscus 芙蓉 thereby.to@the.revolutionary 2
[3073] Mayer 梅尔 production@The.place 2
[3078] 0
[3086] 0
[3090] Orchid 梓兰 two.great.classes@directly.fac 1
[3094] NoirCorne 黑角 face.of.the@whole.world 4
[3103] Nian 年年 in.the.common@ruin.of 1
[3109] -1
[3119] Beehunter 猎蜂 longer.sufficed@Thereupon.stea 4
[3120] Eyjafjalla 艾雅法 its.place.The@guildmasters.wer 1
[3126] Sussurro 苏苏洛 of.division@of.labour 1
[3131] Myrrh 末药 system.of.industry@under.which 4
[3139] Grani 格拉尼 in.a.word.oppressor@and.oppres 1
[3142] Utage 宴宴 never.before@known.and 2
[3146] Orchid 梓兰 by.the.giant@Modern.Industry 1
[3153] Provence 普罗旺斯 aims.their@tendencies.and 4
[3162] W 达不溜 French.German@Italian.Flemish 2
[3164] Snowsant 雪雉 is.the.Opposition@that.has 3
[3174] Rope 暗索 in.London.and@sketched.the 4
[3182] Ambriel 安比尔 the.bourgeoisie@possesses.howe 3
[3184] 0
[3192] Bibeak 柏喙 rising.bourgeoisie@The.EastInd 1
[3195] Franka 芙兰 and.Chinese@markets.the 1
[3199] Zima 凛冬 classes.again@subordinate.grad 1
[3203] Shamare 巫恋 rising.Even@manufacture.no 2
[3213] Ansel 安赛尔 opponents.in@power.Where 4
[3221] Hung 吽吽 that.has.sprouted@from.the 3
[3224] Breeze 微风 the.place.of@the.industrial 1
[3226] Mostima 莫斯提马 of.America@the.rounding 1
[3229] Franka 芙兰 and.Chinese@markets.the 1
[3236] Shamare 巫恋 rising.Even@manufacture.no 2
[3243] 0
[3251] 0
[3254] Savage 暴行 fresh.ground@for.the 1
[3259] Midnight 月见夜 a.whole.is@more.and 3
[3260] Grani 格拉尼 in.a.word.oppressor@and.oppres 1
[3262] Mostima 莫斯提马 of.America@the.rounding 1
[3267] Scavenger 清道 millionaires@the.leaders 3
[3273] 0
[3280] Eyjafjalla 艾雅法 its.place.The@guildmasters.wer 1
[3281] Shamare 巫恋 rising.Even@manufacture.no 2
[3290] 0
[3294] NoirCorne 黑角 face.of.the@whole.world 4
[3304] Executor 送葬人 two.great.hostile@camps.into 1
[3307] 0
[3312] 0
[3313] Utage 宴宴 never.before@known.and 2
[3322] Eyjafjalla 艾雅法 its.place.The@guildmasters.wer 1
[3327] Nian 年年 in.the.common@ruin.of 1
[3329] Mousse 慕斯 itself.a.Power@II.It 4
[3333] Utage 宴宴 never.before@known.and 2
[3338] Utage 宴宴 never.before@known.and 2
[3341] Popukar 泡普卡 journeymen@apprentices.serfs 1
[3350] Durin 杜林 Proletariat@From.the 1
[3356] Frostleaf 霜叶 existing.societies@is.the 1
[3364] Gummy 古米 new.conditions@of.oppression 4
[3369] Gravel 砾砾 trade.with@the.colonies 4
[3373] 0
[3374] Mayer 梅尔 production@The.place 2
[3375] Vulcan 火神 and.machinery@revolutionised.i 3
[3382] Shamare 巫恋 rising.Even@manufacture.no 2
[3392] W 达不溜 French.German@Italian.Flemish 2
[3399] Franka 芙兰 and.Chinese@markets.the 1
[3403] trainID: LeavesofGrass
stationNum: 13
seatNum: 28660
stations: 北京市 重庆市南川市 吉林省图们市 浙江省瑞安市 福建省莆田市 山东省栖霞市 福建省漳州市 河北省晋州市 广东省罗定市 四川省德阳市 天津市 广东省江门市 河北省石家庄市 
prices: 236 3790 4547 3102 4803 738 2007 256 1567 1607 359 3041 
startTime: 13:47
134 33 193 91 159 92 197 45 166 27 79 55 
stopoverTimes: 5 3 9 8 10 9 5 8 10 4 10 
saleDate: 42 77
type: Z
[3407] trainID: LeavesofGrass
[3417] trainID: INSCRIPTIONS
stationNum: 14
seatNum: 70652
stations: 北京市 江西省南昌市 陕西省延安市 河北省衡水市 吉林省龙井市 湖南省韶山市 安徽省桐城市 辽宁省沈阳市 陕西省华阴市 陕西省渭南市 河南省义马市 福建省永安市 江苏省新沂市 浙江省永康市 
prices: 1039 2476 1257 3647 3072 3893 4851 3811 3715 1152 1422 930 1119 
startTime: 19:43
132 91 116 36 27 68 43 179 165 142 69 201 204 
stopoverTimes: 7 6 9 9 9 4 5 4 7 8 6 3 
saleDate: 19 54
type: Q
[3425] trainID: INSCRIPTIONS
[3429] trainID: TOFOREIGNLANDS
stationNum: 12
seatNum: 92416
stations: 湖北省黄石市 安徽省滁州市 江西省乐平市 河南省鹤壁市 四川省都江堰市 贵州省贵阳市 北京市 福建省建阳市 江西省上饶市 广东省清远市 河北省任丘市 四川省峨眉山市 
prices: 214 3139 1892 4712 4937 1843 3057 2796 186 1322 199 
startTime: 1:26
215 20 146 66 30 129 30 209 104 206 111 
stopoverTimes: 10 9 10 9 4 9 5 3 8 8 
saleDate: 14 82
type: O
[3431] trainID: TOFOREIGNLANDS
[3441] trainID: IHEARDthatyouask
stationNum: 14
seatNum: 66633
stations: 贵州省福泉市 山东省诸城市 湖北省恩施市 湖南省湘潭市 广东省南雄市 辽宁省辽阳市 河南省邓州市 河南省辉县市 吉林省龙井市 广东省恩平市 福建省龙岩市 浙江省台州市 黑龙江省海林市 江苏省太仓市 
prices: 1841 1172 552 2100 480 1786 2302 2794 1870 2868 4973 3331 4061 
startTime: 22:30
141 169 59 38 154 114 69 150 141 82 107 51 145 
stopoverTimes: 3 3 5 6 10 6 7 7 3 8 7 9 
saleDate: 26 84
type: R
[3447] trainID: IHEARDthatyouask
[3451] trainID: puzzletheNewWorld
stationNum: 4
seatNum: 63242
stations: 北京市 广西梧州市 浙江省杭州市 山东省淄博市 
prices: 2594 609 2519 
startTime: 7:37
440 267 555 
stopoverTimes: 3 3 
saleDate: 44 90
type: M
[3458] trainID: puzzletheNewWorld
[3468] trainID: AndtodefineAmeric
stationNum: 9
seatNum: 63369
stations: 辽宁省辽阳市 贵州省安顺市 黑龙江省双城市 山东省即墨市 甘肃省兰州市 天津市 云南省昆明市 山西省运城市 湖南省冷水江市 
prices: 1555 4483 860 2411 2503 4085 480 2386 
startTime: 6:45
303 60 92 327 152 73 120 219 
stopoverTimes: 7 7 3 8 10 9 3 
saleDate: 5 85
type: Y
[3470] trainID: AndtodefineAmeric
[3475] trainID: ThereforeIsendyou
stationNum: 17
seatNum: 60364
stations: 山东省莱西市 广西岑溪市 江苏省连云港市 山西省朔州市 新疆喀什市 江苏省海门市 贵州省贵阳市 广东省英德市 江西省宜春市 湖北省钟祥市 广东省南海市 广东省鹤山市 吉林省四平市 辽宁省沈阳市 黑龙江省铁力市 辽宁省庄河市 湖南省吉首市 
prices: 1244 1894 1259 4346 2433 4898 3073 4935 2636 2445 4497 2119 1147 432 1253 4906 
startTime: 15:31
140 98 82 121 109 96 68 54 51 40 165 67 105 39 109 142 
stopoverTimes: 10 10 8 3 9 3 4 6 3 7 10 6 10 6 4 
saleDate: 5 73
type: A
[3484] trainID: ThereforeIsendyou
[3486] trainID: whatyouwanted
stationNum: 18
seatNum: 77031
stations: 山东省胶南市 内蒙集宁市 北京市 河北省鹿泉市 江苏省泰州市 湖南省资兴市 吉林省舒兰市 山东省泰安市 广东省雷州市 湖北省枝江市 江苏省句容市 黑龙江省七台河市 黑龙江省讷河市 陕西省宝鸡市 湖南省常德市 江苏省无锡市 辽宁省沈阳市 浙江省余姚市 
prices: 1856 360 1073 1390 991 3388 434 4454 1003 456 2566 655 199 4816 4499 2072 692 
startTime: 11:10
94 51 79 69 35 143 61 62 33 107 66 132 94 101 158 35 64 
stopoverTimes: 5 3 5 3 3 4 5 9 10 4 7 3 10 4 9 5 
saleDate: 21 56
type: N
[3488] trainID: whatyouwanted
[3491] trainID: TOTHEEOLDCAUSE
stationNum: 10
seatNum: 96526
stations: 陕西省华阴市 黑龙江省北安市 吉林省长春市 湖北省广水市 江西省吉安市 河北省冀州市 福建省南平市 河南省巩义市 广东省阳春市 山西省孝义市 
prices: 3573 1078 3088 1066 1934 4587 3673 3865 3668 
startTime: 18:38
73 198 221 191 74 113 275 151 219 
stopoverTimes: 8 10 7 8 4 10 9 4 
saleDate: 22 53
type: Y
[3497] trainID: TOTHEEOLDCAUSE
[3500] trainID: TOtheeoldcause
stationNum: 12
seatNum: 76748
stations: 吉林省蛟河市 云南省昆明市 北京市 浙江省永康市 云南省开远市 吉林省公主岭市 湖北省老河口市 河南省登封市 河南省南阳市 江苏省昆山市 河南省新郑市 辽宁省本溪市 
prices: 549 625 205 3361 2151 3155 4843 1923 1194 237 3899 
startTime: 4:7
99 230 104 84 245 203 169 214 90 164 156 
stopoverTimes: 9 6 4 3 10 9 8 10 3 9 
saleDate: 13 67
type: W
[3504] trainID: TOtheeoldcause
[3514] username: Franka
trainID: TOFOREIGNLANDS
date: 48
ticketnum: 3336
station1: 福建省建阳市
station2: 江西省上饶市
true
[3521] username: Franka
trainID: INSCRIPTIONS
date: 26
ticketnum: 13643
station1: 陕西省延安市
station2: 浙江省永康市
true
[3524] -1
[3532] username: Hung
trainID: INSCRIPTIONS
date: 31
ticketnum: 16363
station1: 河北省衡水市
station2: 湖南省韶山市
true
[3538] username: Breeze
trainID: LeavesofGrass
date: 48
ticketnum: 3941
station1: 北京市
station2: 四川省德阳市
true
[3543] -1
[3552] -1
[3561] -1
[3570] -1
[3573] username: Gummy
trainID: LeavesofGrass
date: 67
ticketnum: 627
station1: 四川省德阳市
station2: 河北省石家庄市
true
[3576] -1
[3584] -1
[3594] -1
[3601] username: Grani
trainID: LeavesofGrass
date: 70
ticketnum: 967
station1: 重庆市南川市
station2: 浙江省瑞安市
true
[3603] -1
[3608] username: Durnar
trainID: ThereforeIsendyou
date: 45
ticketnum: 7950
station1: 广西岑溪市
station2: 广东省英德市
true
[3618] -1
[3621] -1
[3629] -1
[3630] -1
[3632] -1
[3641] username: Sideroca
trainID: LeavesofGrass
date: 74
ticketnum: 1019
station1: 浙江省瑞安市
station2: 河北省晋州市
true
[3648] -1
[3652] -1
[3661] -1
[3666] -1
[3675] username: Croissant
trainID: LeavesofGrass
date: 65
ticketnum: 4934
station1: 重庆市南川市
station2: 四川省德阳市
true
[3676] -1
[3679] -1
[3689] -1
[3694] username: Reed
trainID: INSCRIPTIONS
date: 41
ticketnum: 15805
station1: 湖南省韶山市
station2: 浙江省永康市
true
[3701] -1
[3703] -1
[3710] -1
[3718] -1
[3723] username: Yato
trainID: IHEARDthatyouask
date: 41
ticketnum: 10483
station1: 湖北省恩施市
station2: 河南省邓州市
true
[3733] -1
[3738] -1
[3743] -1
[3746] -1
[3749] username: Deepcolor
trainID: LeavesofGrass
date: 73
ticketnum: 2166
station1: 山东省栖霞市
station2: 福建省漳州市
true
[3752] username: Bibeak
trainID: LeavesofGrass
date: 44
ticketnum: 3039
station1: 广东省罗定市
station2: 四川省德阳市
true
[3758] -1
[3768] username: Jessica
trainID: puzzletheNewWorld
date: 90
ticketnum: 15676
station1: 广西梧州市
station2: 山东省淄博市
true
[3772] username: Gitano
trainID: TOTHEEOLDCAUSE
date: 23
ticketnum: 5093
station1: 黑龙江省北安市
station2: 河南省巩义市
false
[3775] -1
[3785] -1
[3792] username: Snowsant
trainID: LeavesofGrass
date: 54
ticketnum: 2165
station1: 山东省栖霞市
station2: 广东省罗定市
true
[3794] username: Hung
trainID: LeavesofGrass
date: 68
ticketnum: 3108
station1: 山东省栖霞市
station2: 河北省石家庄市
true
[3804] -1
[3813] -1
[3821] username: Gitano
trainID: INSCRIPTIONS
date: 32
ticketnum: 15397
station1: 吉林省龙井市
station2: 浙江省永康市
true
[3830] -1
[3835] -1
[3837] username: WaaiFu
trainID: INSCRIPTIONS
date: 32
ticketnum: 2124
station1: 河北省衡水市
station2: 安徽省桐城市
false
[3845] username: Snowsant
ticketnum: 1
[3850] username: Zima
trainID: LeavesofGrass
date: 54
ticketnum: 2261
station1: 浙江省瑞安市
station2: 福建省莆田市
false
[3854] -1
[3860] username: Silence
trainID: INSCRIPTIONS
date: 49
ticketnum: 6727
station1: 陕西省延安市
station2: 湖南省韶山市
true
[3861] -1
[3865] -1
[3866] -1
[3876] -1
[3882] -1
[3891] username: Skyfire
trainID: LeavesofGrass
date: 76
ticketnum: 2800
station1: 重庆市南川市
station2: 山东省栖霞市
true
[3896] username: Grani
ticketnum: 1
[3900] -1
[3901] -1
[3906] -1
[3913] -1
[3922] -1
[3923] -1
[3933] -1
[3941] username: Gravel
trainID: TOFOREIGNLANDS
date: 57
ticketnum: 4285
station1: 贵州省贵阳市
station2: 广东省清远市
true
[3942] -1
[3945] username: Ceylon
trainID: LeavesofGrass
date: 67
ticketnum: 2241
station1: 吉林省图们市
station2: 广东省罗定市
true
[3947] username: Orchid
trainID: INSCRIPTIONS
date: 24
ticketnum: 13883
station1: 江西省南昌市
station2: 浙江省永康市
true
[3950] -1
[3955] -1
[3964] username: Flamebringer
trainID: LeavesofGrass
date: 61
ticketnum: 6119
station1: 福建省莆田市
station2: 福建省漳州市
false
[3972] -1
[3975] username: Mousse
trainID: LeavesofGrass
date: 67
ticketnum: 2994
station1: 重庆市南川市
station2: 福建省莆田市
true
[3985] -1
[3988] username: WaaiFu
trainID: INSCRIPTIONS
date: 40
ticketnum: 3912
station1: 北京市
station2: 陕西省延安市
true
[3991] -1
[3994] username: Executor
trainID: TOFOREIGNLANDS
date: 14
ticketnum: 3411
station1: 安徽省滁州市
station2: 福建省建阳市
true
[4000] -1
[4009] username: Hibiscus
trainID: INSCRIPTIONS
date: 23
ticketnum: 4712
station1: 陕西省延安市
station2: 陕西省渭南市
true
[4017] -1
[4023] username: Eyjafjalla
trainID: INSCRIPTIONS
date: 53
ticketnum: 5640
station1: 北京市
station2: 安徽省桐城市
true
[4026] -1
[4031] username: Mayer
trainID: LeavesofGrass
date: 76
ticketnum: 5027
station1: 四川省德阳市
station2: 广东省江门市
true
[4034] -1
[4038] -1
[4048] username: Melantha
trainID: LeavesofGrass
date: 50
ticketnum: 6808
station1: 福建省莆田市
station2: 广东省江门市
true
[4050] -1
[4059] -1
[4061] username: Hung
trainID: LeavesofGrass
date: 62
ticketnum: 3724
station1: 山东省栖霞市
station2: 四川省德阳市
true
[4071] username: Hung
trainID: INSCRIPTIONS
date: 36
ticketnum: 2452
station1: 北京市
station2: 安徽省桐城市
true
[4072] username: Cliffheart
trainID: LeavesofGrass
date: 47
ticketnum: 7154
station1: 河北省晋州市
station2: 四川省德阳市
true
[4080] username: Ptilopsis
trainID: LeavesofGrass
date: 72
ticketnum: 1128
station1: 吉林省图们市
station2: 天津市
true
[4089] username: Blaze
trainID: LeavesofGrass
date: 43
ticketnum: 2550
station1: 重庆市南川市
station2: 福建省莆田市
false
[4094] username: Frostleaf
trainID: LeavesofGrass
date: 53
ticketnum: 148
station1: 福建省莆田市
station2: 河北省晋州市
true
[4100] -1
[4104] -1
[4110] username: Savage
trainID: INSCRIPTIONS
date: 31
ticketnum: 13264
station1: 湖南省韶山市
station2: 辽宁省沈阳市
true
[4116] -1
[4117] -1
[4118] -1
[4123] username: Shaw
trainID: LeavesofGrass
date: 46
ticketnum: 1871
station1: 河北省晋州市
station2: 天津市
true
[4130] username: Myrtle
trainID: INSCRIPTIONS
date: 24
ticketnum: 17062
station1: 陕西省华阴市
station2: 河南省义马市
true
[4133] username: Weedy
trainID: TOTHEEOLDCAUSE
date: 52
ticketnum: 2360
station1: 河北省冀州市
station2: 河南省巩义市
true
[4140] username: Ptilopsis
trainID: LeavesofGrass
date: 55
ticketnum: 458
station1: 浙江省瑞安市
station2: 广东省罗定市
false
[4144] -1
[4146] -1
[4156] username: Myrrh
trainID: LeavesofGrass
date: 52
ticketnum: 3355
station1: 福建省莆田市
station2: 河北省晋州市
true
[4158] -1
[4162] -1
[4165] -1
[4175] -1
[4185] -1
[4192] -1
[4202] username: Istina
trainID: LeavesofGrass
date: 75
ticketnum: 1679
station1: 北京市
station2: 重庆市南川市
true
[4212] -1
[4219] -1
[4222] -1
[4225] username: Ansel
trainID: whatyouwanted
date: 32
ticketnum: 2216
station1: 内蒙集宁市
station2: 江苏省泰州市
true
[4226] -1
[4230] -1
[4236] username: Skadi
trainID: LeavesofGrass
date: 77
ticketnum: 3729
station1: 河北省晋州市
station2: 广东省罗定市
true
[4243] username: Breeze
trainID: LeavesofGrass
date: 69
ticketnum: 1424
station1: 福建省漳州市
station2: 广东省江门市
true
[4245] username: Aak
trainID: LeavesofGrass
date: 73
ticketnum: 188
station1: 福建省莆田市
station2: 山东省栖霞市
false
[4248] username: Istina
trainID: INSCRIPTIONS
date: 32
ticketnum: 16457
station1: 陕西省延安市
station2: 吉林省龙井市
true
[4249] username: Vigna
trainID: INSCRIPTIONS
date: 45
ticketnum: 15789
station1: 北京市
station2: 陕西省渭南市
true
[4252] username: Durin
trainID: IHEARDthatyouask
date: 78
ticketnum: 15053
station1: 河南省辉县市
station2: 福建省龙岩市
true
[4260] username: Silence
trainID: TOFOREIGNLANDS
date: 16
ticketnum: 10871
station1: 江西省乐平市
station2: 北京市
true
[4270] -1
[4277] -1
[4282] username: Beagle
trainID: puzzletheNewWorld
date: 51
ticketnum: 7089
station1: 北京市
station2: 浙江省杭州市
false
[4285] -1
[4288] -1
[4291] -1
[4293] -1
[4294] username: Aak
trainID: INSCRIPTIONS
date: 42
ticketnum: 11800
station1: 江西省南昌市
station2: 辽宁省沈阳市
false
[4303] -1
[4311] username: Chen
trainID: LeavesofGrass
date: 67
ticketnum: 3286
station1: 福建省莆田市
station2: 天津市
true
[4317] -1
[4326] username: Matoimaru
trainID: LeavesofGrass
date: 52
ticketnum: 227
station1: 广东省罗定市
station2: 天津市
true
[4328] -1
[4336] username: Franka
trainID: LeavesofGrass
date: 49
ticketnum: 4002
station1: 吉林省图们市
station2: 四川省德阳市
true
[4342] -1
[4346] -1
[4350] username: Cutter
trainID: LeavesofGrass
date: 63
ticketnum: 2274
station1: 福建省莆田市
station2: 河北省石家庄市
true
[4356] -1
[4364] username: Courier
trainID: LeavesofGrass
date: 50
ticketnum: 4584
station1: 山东省栖霞市
station2: 广东省罗定市
true
[4370] -1
[4372] -1
[4377] -1
[4381] -1
[4386] username: Bison
trainID: LeavesofGrass
date: 62
ticketnum: 1580
station1: 重庆市南川市
station2: 福建省莆田市
true
[4387] -1
[4397] -1
[4398] -1
[4407] username: Durin
trainID: LeavesofGrass
date: 50
ticketnum: 3771
station1: 重庆市南川市
station2: 浙江省瑞安市
true
[4410] -1
[4417] -1
[4421] -1
[4425] username: Weedy
trainID: INSCRIPTIONS
date: 53
ticketnum: 6125
station1: 陕西省延安市
station2: 辽宁省沈阳市
false
[4426] -1
[4427] username: Jessica
trainID: LeavesofGrass
date: 58
ticketnum: 1629
station1: 北京市
station2: 浙江省瑞安市
true
[4429] -1
[4438] -1
[4440] username: Estelle
trainID: LeavesofGrass
date: 56
ticketnum: 884
station1: 浙江省瑞安市
station2: 河北省石家庄市
false
[4442] username: Weedy
trainID: IHEARDthatyouask
date: 32
ticketnum: 16069
station1: 贵州省福泉市
station2: 湖北省恩施市
true
[4446] -1
[4450] -1
[4454] -1
[4460] -1
[4470] username: Durin
trainID: TOFOREIGNLANDS
date: 82
ticketnum: 11040
station1: 河南省鹤壁市
station2: 广东省清远市
true
[4473] -1
[4476] -1
[4477] username: Shining
trainID: LeavesofGrass
date: 44
ticketnum: 1826
station1: 重庆市南川市
station2: 河北省晋州市
true
[4486] -1
[4489] -1
[4496] username: Dobermann
trainID: LeavesofGrass
date: 75
ticketnum: 6361
station1: 浙江省瑞安市
station2: 河北省石家庄市
false
[4497] username: Ansel
trainID: LeavesofGrass
date: 47
ticketnum: 968
station1: 重庆市南川市
station2: 河北省晋州市
true
[4502] -1
[4509] -1
[4515] -1
[4521] username: Siege
trainID: INSCRIPTIONS
date: 27
ticketnum: 5582
station1: 陕西省华阴市
station2: 河南省义马市
true
[4527] username: Schwarz
trainID: INSCRIPTIONS
date: 42
ticketnum: 6141
station1: 安徽省桐城市
station2: 河南省义马市
true
[4535] -1
[4536] -1
[4542] -1
[4551] -1
[4552] username: Durnar
trainID: LeavesofGrass
date: 48
ticketnum: 2709
station1: 浙江省瑞安市
station2: 福建省莆田市
true
[4554] -1
[4556] -1
[4558] username: Warfarin
trainID: LeavesofGrass
date: 51
ticketnum: 678
station1: 广东省罗定市
station2: 四川省德阳市
true
[4564] username: Courier
trainID: IHEARDthatyouask
date: 30
ticketnum: 1642
station1: 浙江省台州市
station2: 黑龙江省海林市
true
[4571] -1
[4579] username: Sideroca
trainID: IHEARDthatyouask
date: 47
ticketnum: 11146
station1: 贵州省福泉市
station2: 广东省南雄市
true
[4586] -1
[4588] username: Spot
trainID: TOFOREIGNLANDS
date: 23
ticketnum: 5470
station1: 江西省上饶市
station2: 广东省清远市
false
[4595] -1
[4600] username: Ansel
trainID: LeavesofGrass
date: 59
ticketnum: 2864
station1: 浙江省瑞安市
station2: 广东省江门市
true
[4605] username: Beagle
trainID: LeavesofGrass
date: 44
ticketnum: 1425
station1: 重庆市南川市
station2: 河北省石家庄市
true
[4615] username: Chen
trainID: LeavesofGrass
date: 68
ticketnum: 3054
station1: 福建省莆田市
station2: 河北省晋州市
true
[4622] -1
[4626] username: Rope
trainID: LeavesofGrass
date: 60
ticketnum: 1314
station1: 北京市
station2: 四川省德阳市
true
[4631] username: Vulcan
trainID: LeavesofGrass
date: 68
ticketnum: 4335
station1: 北京市
station2: 河北省晋州市
true
[4633] username: Conviction
trainID: IHEARDthatyouask
date: 69
ticketnum: 3826
station1: 黑龙江省海林市
station2: 江苏省太仓市
true
[4640] username: Gravel
trainID: INSCRIPTIONS
date: 54
ticketnum: 12245
station1: 陕西省渭南市
station2: 福建省永安市
true
[4642] -1
[4643] username: Cliffheart
trainID: IHEARDthatyouask
date: 53
ticketnum: 980
station1: 贵州省福泉市
station2: 山东省诸城市
true
[4651] username: Ifrit
trainID: TOFOREIGNLANDS
date: 68
ticketnum: 8481
station1: 湖北省黄石市
station2: 江西省上饶市
true
[4655] -1
[4656] username: Durin
trainID: LeavesofGrass
date: 69
ticketnum: 2336
station1: 广东省江门市
station2: 河北省石家庄市
true
[4666] -1
[4672] -1
[4678] -1
[4686] -1
[4696] -1
[4706] -1
[4713] -1
[4719] -1
[4722] username: Midnight
trainID: IHEARDthatyouask
date: 66
ticketnum: 10466
station1: 湖北省恩施市
station2: 广东省南雄市
false
[4730] username: Rope
trainID: LeavesofGrass
date: 46
ticketnum: 6565
station1: 福建省漳州市
station2: 河北省石家庄市
true
[4733] -1
[4743] -1
[4747] -1
[4752] username: Breeze
trainID: INSCRIPTIONS
date: 25
ticketnum: 4156
station1: 湖南省韶山市
station2: 安徽省桐城市
false
[4758] username: Specter
trainID: LeavesofGrass
date: 59
ticketnum: 4313
station1: 重庆市南川市
station2: 福建省漳州市
false
[4767] -1
[4771] -1
[4779] -1
[4786] username: Shining
trainID: INSCRIPTIONS
date: 48
ticketnum: 17021
station1: 吉林省龙井市
station2: 陕西省渭南市
false
[4792] -1
[4798] username: Frostleaf
trainID: TOFOREIGNLANDS
date: 25
ticketnum: 12560
station1: 贵州省贵阳市
station2: 江西省上饶市
true
[4807] username: Beehunter
trainID: INSCRIPTIONS
date: 20
ticketnum: 17654
station1: 辽宁省沈阳市
station2: 福建省永安市
true
[4811] -1
[4812] -1
[4813] username: Bibeak
trainID: TOFOREIGNLANDS
date: 71
ticketnum: 11165
station1: 广东省清远市
station2: 河北省任丘市
true
[4816] username: Durin
trainID: IHEARDthatyouask
date: 75
ticketnum: 8180
station1: 山东省诸城市
station2: 河南省邓州市
true
[4822] username: Melantha
trainID: LeavesofGrass
date: 47
ticketnum: 436
station1: 北京市
station2: 河北省石家庄市
true
[4828] -1
[4834] -1
[4839] username: Kroos
trainID: LeavesofGrass
date: 76
ticketnum: 6916
station1: 福建省莆田市
station2: 广东省罗定市
false
[4847] username: Savage
trainID: LeavesofGrass
date: 58
ticketnum: 1910
station1: 福建省莆田市
station2: 河北省晋州市
true
[4857] -1
[4860] -1
[4866] -1
[4872] -1
[4877] username: Lappland
trainID: INSCRIPTIONS
date: 52
ticketnum: 87
station1: 陕西省华阴市
station2: 浙江省永康市
true
[4884] username: Bibeak
trainID: LeavesofGrass
date: 60
ticketnum: 2434
station1: 山东省栖霞市
station2: 天津市
false
[4891] username: Vigna
trainID: LeavesofGrass
date: 64
ticketnum: 1667
station1: 河北省晋州市
station2: 四川省德阳市
true
[4892] -1
[4900] username: Snowsant
trainID: INSCRIPTIONS
date: 30
ticketnum: 1653
station1: 辽宁省沈阳市
station2: 陕西省华阴市
true
[4904] -1
[4906] -1
[4916] -1
[4924] -1
[4934] -1
[4939] -1
[4941] -1
[4945] username: Deepcolor
trainID: LeavesofGrass
date: 76
ticketnum: 6384
station1: 福建省漳州市
station2: 广东省罗定市
true
[4951] -1
[4957] username: Vigna
trainID: TOFOREIGNLANDS
date: 65
ticketnum: 18706
station1: 贵州省贵阳市
station2: 四川省峨眉山市
true
[4964] username: Nearl
trainID: puzzletheNewWorld
date: 71
ticketnum: 5697
station1: 广西梧州市
station2: 山东省淄博市
false
[4974] username: Warfarin
trainID: INSCRIPTIONS
date: 43
ticketnum: 10337
station1: 安徽省桐城市
station2: 福建省永安市
true
[4983] trainID: INSCRIPTIONS
[4987] -1
[4988] -1
[4998] -1
[5003] -1
[5005] -1
[5008] username: Beagle
trainID: INSCRIPTIONS
date: 34
ticketnum: 16348
station1: 江西省南昌市
station2: 安徽省桐城市
true
[5010] username: Mayer
trainID: INSCRIPTIONS
date: 49
ticketnum: 9299
station1: 辽宁省沈阳市
station2: 陕西省华阴市
true
[5018] -1
[5027] -1
[5029] username: Croissant
trainID: LeavesofGrass
date: 60
ticketnum: 564
station1: 广东省江门市
station2: 河北省石家庄市
true
[5032] trainID: TOFOREIGNLANDS
Date: 62
[5042] username: Flamebringer
trainID: INSCRIPTIONS
date: 21
ticketnum: 7799
station1: 陕西省渭南市
station2: 浙江省永康市
true
[5049] username: Warfarin
trainID: LeavesofGrass
date: 50
ticketnum: 6310
station1: 福建省莆田市
station2: 天津市
true
[5050] -1
[5055] -1
[5060] username: Midnight
trainID: puzzletheNewWorld
date: 45
ticketnum: 3362
station1: 广西梧州市
station2: 浙江省杭州市
true
[5061] username: Myrrh
trainID: LeavesofGrass
date: 46
ticketnum: 5738
station1: 山东省栖霞市
station2: 广东省江门市
true
[5067] -1
[5072] username: Sesa
trainID: INSCRIPTIONS
date: 27
ticketnum: 15721
station1: 陕西省延安市
station2: 浙江省永康市
true
[5075] -1
[5085] -1
[5095] username: Nearl
trainID: TOFOREIGNLANDS
date: 75
ticketnum: 13150
station1: 福建省建阳市
station2: 四川省峨眉山市
false
[5103] -1
[5104] -1
[5109] -1
[5118] -1
[5124] -1
[5129] -1
[5138] -1
[5143] username: Jessica
trainID: IHEARDthatyouask
date: 29
ticketnum: 10729
station1: 辽宁省辽阳市
station2: 黑龙江省海林市
true
[5148] username: Conviction
trainID: whatyouwanted
date: 46
ticketnum: 17892
station1: 江苏省泰州市
station2: 吉林省舒兰市
true
[5149] username: Scavenger
trainID: TOFOREIGNLANDS
date: 65
ticketnum: 12094
station1: 四川省都江堰市
station2: 北京市
false
[5155] -1
[5160] username: Gitano
trainID: ThereforeIsendyou
date: 13
ticketnum: 4888
station1: 广东省南海市
station2: 辽宁省庄河市
true
[5167] -1
[5172] -1
[5173] username: Flamebringer
trainID: LeavesofGrass
date: 67
ticketnum: 1262
station1: 福建省漳州市
station2: 四川省德阳市
true
[5179] -1
[5189] username: Sesa
trainID: LeavesofGrass
date: 59
ticketnum: 535
station1: 重庆市南川市
station2: 福建省漳州市
false
[5191] -1
[5198] username: Matterhorn
trainID: puzzletheNewWorld
date: 85
ticketnum: 12493
station1: 浙江省杭州市
station2: 山东省淄博市
true
[5204] username: Ifrit
trainID: LeavesofGrass
date: 72
ticketnum: 2400
station1: 吉林省图们市
station2: 天津市
true
[5214] -1
[5223] username: Scavenger
trainID: TOFOREIGNLANDS
date: 20
ticketnum: 22260
station1: 安徽省滁州市
station2: 江西省上饶市
true
[5226] username: Skyfire
trainID: TOFOREIGNLANDS
date: 15
ticketnum: 13479
station1: 湖北省黄石市
station2: 河南省鹤壁市
true
[5231] username: Pramanix
trainID: TOFOREIGNLANDS
date: 33
ticketnum: 10250
station1: 湖北省黄石市
station2: 安徽省滁州市
true
[5238] -1
[5239] -1
[5247] username: Pramanix
trainID: INSCRIPTIONS
date: 24
ticketnum: 3547
station1: 湖南省韶山市
station2: 福建省永安市
true
[5251] username: Spot
trainID: LeavesofGrass
date: 54
ticketnum: 3766
station1: 广东省罗定市
station2: 四川省德阳市
false
[5256] -1
[5259] -1
[5265] -1
[5274] username: Gummy
trainID: LeavesofGrass
date: 71
ticketnum: 632
station1: 福建省漳州市
station2: 天津市
true
[5275] -1
[5280] -1
[5287] -1
[5288] -1
[5297] username: Gitano
trainID: INSCRIPTIONS
date: 30
ticketnum: 7287
station1: 北京市
station2: 陕西省华阴市
true
[5306] -1
[5312] -1
[5317] username: Chen
trainID: LeavesofGrass
date: 61
ticketnum: 3349
station1: 吉林省图们市
station2: 广东省江门市
false
[5325] -1
[5326] username: Ceobe
trainID: LeavesofGrass
date: 49
ticketnum: 4052
station1: 吉林省图们市
station2: 浙江省瑞安市
true
[5329] -1
[5335] -1
[5340] -1
[5346] -1
[5353] username: Lappland
trainID: LeavesofGrass
date: 63
ticketnum: 2251
station1: 吉林省图们市
station2: 广东省罗定市
false
[5362] -1
[5367] username: Vulcan
trainID: LeavesofGrass
date: 74
ticketnum: 1466
station1: 福建省漳州市
station2: 河北省晋州市
false
[5373] username: Reed
trainID: LeavesofGrass
date: 45
ticketnum: 3709
station1: 重庆市南川市
station2: 浙江省瑞安市
true
[5380] -1
[5390] -1
[5394] username: Silence
trainID: AndtodefineAmeric
date: 45
ticketnum: 349
station1: 黑龙江省双城市
station2: 云南省昆明市
true
[5400] -1
[5408] username: ProjeKTRed
trainID: INSCRIPTIONS
date: 27
ticketnum: 13278
station1: 江西省南昌市
station2: 陕西省华阴市
true
[5411] username: Matoimaru
trainID: INSCRIPTIONS
date: 32
ticketnum: 7139
station1: 陕西省延安市
station2: 河北省衡水市
false
[5416] -1
[5421] -1
[5425] username: Gummy
trainID: INSCRIPTIONS
date: 21
ticketnum: 2879
station1: 安徽省桐城市
station2: 福建省永安市
true
[5434] -1
[5443] username: Spot
trainID: INSCRIPTIONS
date: 43
ticketnum: 3250
station1: 安徽省桐城市
station2: 福建省永安市
true
[5450] username: Ansel
trainID: TOFOREIGNLANDS
date: 65
ticketnum: 3309
station1: 安徽省滁州市
station2: 四川省都江堰市
false
[5455] -1
[5464] username: Lava
trainID: LeavesofGrass
date: 69
ticketnum: 1378
station1: 山东省栖霞市
station2: 天津市
true
[5468] -1
[5469] -1
[5470] -1
[5473] -1
[5480] -1
[5484] -1
[5489] username: Breeze
trainID: INSCRIPTIONS
date: 25
ticketnum: 16139
station1: 安徽省桐城市
station2: 浙江省永康市
false
[5493] username: Vigna
trainID: LeavesofGrass
date: 43
ticketnum: 3884
station1: 浙江省瑞安市
station2: 山东省栖霞市
true
[5500] username: Kroos
trainID: puzzletheNewWorld
date: 82
ticketnum: 6963
station1: 北京市
station2: 山东省淄博市
true
[5505] -1
[5510] -1
[5514] username: Orchid
trainID: LeavesofGrass
date: 67
ticketnum: 4897
station1: 重庆市南川市
station2: 广东省江门市
true
[5518] -1
[5527] -1
[5535] username: Sideroca
trainID: LeavesofGrass
date: 65
ticketnum: 558
station1: 重庆市南川市
station2: 浙江省瑞安市
true
[5537] -1
[5538] username: Croissant
trainID: LeavesofGrass
date: 67
ticketnum: 2306
station1: 重庆市南川市
station2: 广东省罗定市
false
[5543] username: Platinum
trainID: LeavesofGrass
date: 48
ticketnum: 3449
station1: 重庆市南川市
station2: 山东省栖霞市
true
[5550] -1
[5553] username: I_am_the_admin
trainID: LeavesofGrass
date: 61
ticketnum: 2175
station1: 北京市
station2: 四川省德阳市
true
[5556] -1
[5561] -1
[5569] username: Earthspirit
trainID: IHEARDthatyouask
date: 73
ticketnum: 13609
station1: 贵州省福泉市
station2: 吉林省龙井市
false
[5577] -1
[5579] username: Shaw
trainID: INSCRIPTIONS
date: 39
ticketnum: 14978
station1: 江西省南昌市
station2: 安徽省桐城市
true
[5584] username: Gitano
trainID: LeavesofGrass
date: 73
ticketnum: 3969
station1: 重庆市南川市
station2: 福建省漳州市
false
[5591] -1
[5592] trainID: Thoupeerlesspassi
stationNum: 15
seatNum: 93742
stations: 安徽省滁州市 河北省安国市 陕西省华阴市 辽宁省普兰店市 吉林省吉林市 云南省潞西市 贵州省赤水市 山东省安丘市 陕西省榆林市 江苏省扬中市 广东省深圳市 江苏省淮阴市 天津市 湖南省武冈市 辽宁省沈阳市 
prices: 3734 4358 4120 3098 994 1639 585 1431 167 4397 3796 2973 207 3695 
startTime: 10:59
72 103 68 52 130 26 55 83 102 177 60 69 156 171 
stopoverTimes: 6 4 8 6 3 3 8 7 3 7 6 10 3 
saleDate: 4 55
type: S
[5596] -1
[5599] username: Midnight
trainID: ThereforeIsendyou
date: 61
ticketnum: 4494
station1: 江苏省连云港市
station2: 黑龙江省铁力市
true
[5604] -1
[5614] -1
[5621] -1
[5625] -1
[5632] username: Snowsant
trainID: INSCRIPTIONS
date: 23
ticketnum: 9844
station1: 北京市
station2: 陕西省延安市
true
[5639] -1
[5648] -1
[5658] -1
[5665] -1
[5666] username: Meteorite
trainID: TOFOREIGNLANDS
date: 17
ticketnum: 6637
station1: 湖北省黄石市
station2: 贵州省贵阳市
true
[5675] username: Gitano
trainID: LeavesofGrass
date: 67
ticketnum: 4210
station1: 北京市
station2: 广东省江门市
true
[5682] username: I_am_the_admin
trainID: LeavesofGrass
date: 50
ticketnum: 2836
station1: 浙江省瑞安市
station2: 广东省罗定市
false
[5688] username: Conviction
trainID: ThereforeIsendyou
date: 8
ticketnum: 3535
station1: 广东省南海市
station2: 辽宁省沈阳市
true
[5692] username: Cliffheart
trainID: IHEARDthatyouask
date: 51
ticketnum: 1193
station1: 辽宁省辽阳市
station2: 黑龙江省海林市
true
[5700] trainID: Thoupeerlesspassi
[5710] -1
[5715] -1
[5723] -1
[5724] -1
[5726] -1
[5734] username: Gravel
trainID: IHEARDthatyouask
date: 58
ticketnum: 12575
station1: 山东省诸城市
station2: 辽宁省辽阳市
true
[5743] -1
[5750] username: Silence
trainID: INSCRIPTIONS
date: 37
ticketnum: 3437
station1: 江苏省新沂市
station2: 浙江省永康市
true
[5757] username: Specter
trainID: INSCRIPTIONS
date: 27
ticketnum: 11053
station1: 吉林省龙井市
station2: 浙江省永康市
true
[5764] username: Orchid
trainID: INSCRIPTIONS
date: 32
ticketnum: 10269
station1: 江苏省新沂市
station2: 浙江省永康市
true
[5772] -1
[5778] -1
[5779] username: Matoimaru
trainID: LeavesofGrass
date: 77
ticketnum: 637
station1: 北京市
station2: 广东省江门市
true
[5788] username: Spot
trainID: LeavesofGrass
date: 43
ticketnum: 6628
station1: 河北省晋州市
station2: 河北省石家庄市
true
[5796] -1
[5800] -1
[5802] -1
[5805] -1
[5814] username: Ansel
trainID: Thoupeerlesspassi
date: 34
ticketnum: 1727
station1: 安徽省滁州市
station2: 湖南省武冈市
true
[5823] -1
[5827] -1
[5834] username: Blaze
trainID: LeavesofGrass
date: 61
ticketnum: 5903
station1: 福建省漳州市
station2: 广东省罗定市
true
[5836] -1
[5843] username: Reed
trainID: TOFOREIGNLANDS
date: 27
ticketnum: 2236
station1: 四川省都江堰市
station2: 四川省峨眉山市
true
[5849] -1
[5854] -1
[5855] -1
[5856] username: Frostleaf
trainID: INSCRIPTIONS
date: 39
ticketnum: 3771
station1: 湖南省韶山市
station2: 浙江省永康市
true
[5863] -1
[5866] username: Swire
trainID: INSCRIPTIONS
date: 51
ticketnum: 8859
station1: 河南省义马市
station2: 浙江省永康市
true
[5870] -1
[5879] -1
[5885] username: Sesa
trainID: LeavesofGrass
date: 74
ticketnum: 3168
station1: 吉林省图们市
station2: 四川省德阳市
true
[5895] username: Ptilopsis
trainID: LeavesofGrass
date: 45
ticketnum: 2433
station1: 福建省莆田市
station2: 四川省德阳市
true
[5901] -1
[5911] username: Orchid
trainID: LeavesofGrass
date: 55
ticketnum: 2880
station1: 河北省晋州市
station2: 四川省德阳市
true
[5917] -1
[5926] -1
[5931] username: Chen
ticketnum: 3
[5938] username: Greyy
trainID: LeavesofGrass
date: 66
ticketnum: 5450
station1: 山东省栖霞市
station2: 河北省石家庄市
true
[5940] -1
[5947] -1
[5949] username: Warfarin
trainID: LeavesofGrass
date: 73
ticketnum: 905
station1: 北京市
station2: 天津市
true
[5956] username: Melantha
trainID: IHEARDthatyouask
date: 32
ticketnum: 8415
station1: 湖南省湘潭市
station2: 吉林省龙井市
true
[5961] -1
[5966] username: Beagle
trainID: LeavesofGrass
date: 65
ticketnum: 4655
station1: 河北省晋州市
station2: 广东省罗定市
true
[5976] -1
[5984] username: Rope
trainID: INSCRIPTIONS
date: 28
ticketnum: 4233
station1: 吉林省龙井市
station2: 浙江省永康市
true
[5994] -1
[6000] -1
[6010] -1
[6013] -1
[6016] username: Conviction
trainID: INSCRIPTIONS
date: 21
ticketnum: 6442
station1: 江西省南昌市
station2: 江苏省新沂市
true
[6020] username: Ptilopsis
trainID: INSCRIPTIONS
date: 52
ticketnum: 8012
station1: 北京市
station2: 福建省永安市
true
[6024] -1
[6027] -1
[6029] username: Estelle
trainID: INSCRIPTIONS
date: 34
ticketnum: 4117
station1: 北京市
station2: 陕西省渭南市
false
[6031] username: Mostima
trainID: LeavesofGrass
date: 46
ticketnum: 2645
station1: 天津市
station2: 河北省石家庄市
true
[6041] -1
[6049] username: Gravel
ticketnum: 2
[6059] -1
[6066] -1
[6069] username: Lappland
trainID: INSCRIPTIONS
date: 28
ticketnum: 719
station1: 江西省南昌市
station2: 陕西省渭南市
false
[6078] username: Weedy
trainID: TOFOREIGNLANDS
date: 77
ticketnum: 18296
station1: 安徽省滁州市
station2: 福建省建阳市
true
[6081] -1
[6090] username: Istina
trainID: LeavesofGrass
date: 46
ticketnum: 7065
station1: 浙江省瑞安市
station2: 河北省晋州市
true
[6098] username: Estelle
trainID: LeavesofGrass
date: 63
ticketnum: 5607
station1: 吉林省图们市
station2: 福建省莆田市
true
[6101] username: Gravel
trainID: INSCRIPTIONS
date: 52
ticketnum: 1932
station1: 河南省义马市
station2: 福建省永安市
true
[6106] -1
[6115] -1
[6120] -1
[6128] -1
[6138] username: Ceylon
trainID: LeavesofGrass
date: 49
ticketnum: 6599
station1: 吉林省图们市
station2: 浙江省瑞安市
true
[6147] -1
[6156] -1
[6164] -1
[6165] username: Vulcan
trainID: LeavesofGrass
date: 45
ticketnum: 4745
station1: 河北省晋州市
station2: 广东省罗定市
true
[6166] -1
[6176] username: Sideroca
trainID: LeavesofGrass
date: 72
ticketnum: 5984
station1: 北京市
station2: 浙江省瑞安市
false
[6181] username: Weedy
trainID: LeavesofGrass
date: 46
ticketnum: 798
station1: 北京市
station2: 重庆市南川市
true
[6190] username: Dobermann
trainID: LeavesofGrass
date: 56
ticketnum: 6244
station1: 重庆市南川市
station2: 山东省栖霞市
true
[6200] -1
[6208] -1
[6210] username: Skadi
trainID: puzzletheNewWorld
date: 59
ticketnum: 9580
station1: 浙江省杭州市
station2: 山东省淄博市
true
[6214] -1
[6222] -1
[6229] -1
[6236] username: WaaiFu
trainID: LeavesofGrass
date: 44
ticketnum: 757
station1: 吉林省图们市
station2: 四川省德阳市
false
[6240] username: Gummy
trainID: INSCRIPTIONS
date: 51
ticketnum: 16462
station1: 江西省南昌市
station2: 江苏省新沂市
true
[6246] -1
[6250] -1
[6251] username: Courier
trainID: IHEARDthatyouask
date: 63
ticketnum: 11509
station1: 湖南省湘潭市
station2: 浙江省台州市
true
[6258] username: Earthspirit
trainID: IHEARDthatyouask
date: 38
ticketnum: 5192
station1: 贵州省福泉市
station2: 吉林省龙井市
true
[6260] -1
[6267] -1
[6272] -1
[6273] username: Franka
trainID: puzzletheNewWorld
date: 54
ticketnum: 3436
station1: 浙江省杭州市
station2: 山东省淄博市
true
[6277] username: Melantha
trainID: INSCRIPTIONS
date: 35
ticketnum: 9013
station1: 福建省永安市
station2: 浙江省永康市
true
[6279] username: Haze
trainID: LeavesofGrass
date: 48
ticketnum: 3073
station1: 河北省晋州市
station2: 广东省罗定市
false
[6286] -1
[6295] username: Jessica
trainID: IHEARDthatyouask
date: 61
ticketnum: 3260
station1: 湖南省湘潭市
station2: 黑龙江省海林市
true
[6298] username: Nian
trainID: LeavesofGrass
date: 57
ticketnum: 1134
station1: 吉林省图们市
station2: 天津市
true
[6307] -1
[6311] -1
[6313] username: Gitano
trainID: LeavesofGrass
date: 74
ticketnum: 6717
station1: 福建省漳州市
station2: 广东省江门市
true
[6322] -1
[6332] username: Nearl
trainID: Thoupeerlesspassi
date: 5
ticketnum: 8047
station1: 河北省安国市
station2: 辽宁省沈阳市
true
[6342] username: Specter
trainID: LeavesofGrass
date: 51
ticketnum: 6883
station1: 吉林省图们市
station2: 四川省德阳市
true
[6343] username: Ceobe
trainID: LeavesofGrass
date: 55
ticketnum: 5135
station1: 浙江省瑞安市
station2: 广东省江门市
true
[6350] -1
[6352] -1
[6358] -1
[6366] username: Beagle
trainID: puzzletheNewWorld
date: 80
ticketnum: 12329
station1: 北京市
station2: 山东省淄博市
false
[6367] -1
[6370] -1
[6372] -1
[6380] username: Scavenger
trainID: LeavesofGrass
date: 50
ticketnum: 347
station1: 河北省晋州市
station2: 广东省罗定市
true
[6381] -1
[6388] username: Weedy
trainID: LeavesofGrass
date: 42
ticketnum: 6653
station1: 广东省罗定市
station2: 四川省德阳市
true
[6390] -1
[6398] -1
[6402] -1
[6411] -1
[6417] -1
[6422] -1
[6423] -1
[6425] -1
[6428] -1
[6430] username: Reed
trainID: TOFOREIGNLANDS
date: 33
ticketnum: 2494
station1: 北京市
station2: 福建省建阳市
true
[6435] username: Myrrh
trainID: TOFOREIGNLANDS
date: 65
ticketnum: 21881
station1: 安徽省滁州市
station2: 四川省峨眉山市
true
[6440] -1
[6449] -1
[6457] -1
[6466] username: Melantha
trainID: TOFOREIGNLANDS
date: 42
ticketnum: 6365
station1: 安徽省滁州市
station2: 北京市
false
[6468] -1
[6469] -1
[6475] -1
[6485] -1
[6494] username: Istina
trainID: INSCRIPTIONS
date: 28
ticketnum: 4443
station1: 陕西省华阴市
station2: 江苏省新沂市
true
[6497] -1
[6500] -1
[6508] username: Vigna
trainID: INSCRIPTIONS
date: 45
ticketnum: 9268
station1: 江西省南昌市
station2: 陕西省延安市
true
[6515] username: Myrtle
trainID: LeavesofGrass
date: 74
ticketnum: 5018
station1: 山东省栖霞市
station2: 福建省漳州市
true
[6518] username: Breeze
trainID: LeavesofGrass
date: 58
ticketnum: 2428
station1: 山东省栖霞市
station2: 河北省石家庄市
true
[6521] -1
[6529] username: Hung
trainID: LeavesofGrass
date: 43
ticketnum: 636
station1: 重庆市南川市
station2: 福建省漳州市
true
[6539] -1
[6547] username: Shining
trainID: TOFOREIGNLANDS
date: 77
ticketnum: 16659
station1: 贵州省贵阳市
station2: 北京市
true
[6554] -1
[6560] username: Scavenger
trainID: LeavesofGrass
date: 70
ticketnum: 5417
station1: 福建省漳州市
station2: 广东省罗定市
true
[6569] username: Nian
trainID: LeavesofGrass
date: 55
ticketnum: 1565
station1: 福建省莆田市
station2: 天津市
true
[6572] username: Scavenger
trainID: LeavesofGrass
date: 71
ticketnum: 2819
station1: 福建省漳州市
station2: 天津市
false
[6577] username: ProjeKTRed
trainID: TOFOREIGNLANDS
date: 79
ticketnum: 16879
station1: 四川省都江堰市
station2: 河北省任丘市
true
[6585] -1
[6589] username: Mostima
trainID: LeavesofGrass
date: 59
ticketnum: 5280
station1: 重庆市南川市
station2: 河北省石家庄市
true
[6599] username: W
trainID: TOFOREIGNLANDS
date: 53
ticketnum: 4285
station1: 北京市
station2: 四川省峨眉山市
true
[6608] -1
[6616] username: Skadi
trainID: INSCRIPTIONS
date: 41
ticketnum: 9190
station1: 辽宁省沈阳市
station2: 福建省永安市
true
[6618] username: Gravel
trainID: LeavesofGrass
date: 76
ticketnum: 1389
station1: 吉林省图们市
station2: 天津市
true
[6624] -1
[6632] -1
[6633] username: Estelle
trainID: IHEARDthatyouask
date: 37
ticketnum: 9903
station1: 辽宁省辽阳市
station2: 河南省辉县市
true
[6640] username: Specter
trainID: LeavesofGrass
date: 45
ticketnum: 1096
station1: 吉林省图们市
station2: 四川省德阳市
true
[6642] -1
[6650] -1
[6658] -1
[6666] trainID: Thousternremorsel
stationNum: 13
seatNum: 70953
stations: 新疆昌吉市 黑龙江省五常市 辽宁省北宁市 广西北流市 河北省定州市 辽宁省瓦房店市 辽宁省沈阳市 山东省禹城市 山东省曲阜市 湖北省随州市 河南省焦作市 广西玉林市 江苏省张家港市 
prices: 2879 3145 959 4991 3843 1903 2522 1818 4339 256 4022 4109 
startTime: 16:3
173 151 205 193 162 81 35 135 110 126 121 158 
stopoverTimes: 4 10 7 6 4 6 9 10 6 5 4 
saleDate: 59 89
type: D
[6673] -1
[6680] username: Matoimaru
trainID: IHEARDthatyouask
date: 79
ticketnum: 16441
station1: 贵州省福泉市
station2: 浙江省台州市
true
[6685] trainID: Thousternremorsel
[6693] -1
[6694] -1
[6703] username: Reed
trainID: IHEARDthatyouask
date: 34
ticketnum: 2117
station1: 山东省诸城市
station2: 黑龙江省海林市
true
[6706] -1
[6711] username: Sideroca
trainID: LeavesofGrass
date: 75
ticketnum: 427
station1: 重庆市南川市
station2: 广东省罗定市
true
[6716] -1
[6720] -1
[6726] -1
[6730] -1
[6740] -1
[6749] -1
[6753] -1
[6756] username: Cliffheart
trainID: INSCRIPTIONS
date: 46
ticketnum: 1973
station1: 江苏省新沂市
station2: 浙江省永康市
true
[6758] -1
[6759] -1
[6760] -1
[6768] -1
[6778] username: Nian
trainID: LeavesofGrass
date: 66
ticketnum: 4978
station1: 吉林省图们市
station2: 广东省罗定市
true
[6783] -1
[6793] -1
[6799] -1
[6808] -1
[6809] username: Vulcan
trainID: LeavesofGrass
date: 77
ticketnum: 5280
station1: 重庆市南川市
station2: 天津市
true
[6811] -1
[6817] username: Meteorite
trainID: LeavesofGrass
date: 60
ticketnum: 3162
station1: 河北省晋州市
station2: 河北省石家庄市
true
[6825] -1
[6832] -1
[6842] -1
[6844] -1
[6846] -1
[6847] -1
[6850] -1
[6860] -1
[6863] -1
[6868] -1
[6878] -1
[6880] username: Cutter
trainID: IHEARDthatyouask
date: 49
ticketnum: 8679
station1: 广东省恩平市
station2: 浙江省台州市
true
[6884] -1
[6886] username: Hibiscus
trainID: LeavesofGrass
date: 54
ticketnum: 2701
station1: 浙江省瑞安市
station2: 福建省漳州市
true
[6888] username: Specter
trainID: LeavesofGrass
date: 44
ticketnum: 6354
station1: 福建省莆田市
station2: 广东省江门市
true
[6897] username: Matterhorn
trainID: LeavesofGrass
date: 73
ticketnum: 4436
station1: 浙江省瑞安市
station2: 河北省晋州市
true
[6898] -1
[6904] username: Breeze
trainID: INSCRIPTIONS
date: 52
ticketnum: 14485
station1: 吉林省龙井市
station2: 河南省义马市
true
[6908] username: Beagle
trainID: LeavesofGrass
date: 72
ticketnum: 6266
station1: 浙江省瑞安市
station2: 河北省石家庄市
true
[6912] -1
[6921] -1
[6931] -1
[6941] -1
[6945] -1
[6948] -1
[6951] username: Weedy
trainID: AndtodefineAmeric
date: 20
ticketnum: 12685
station1: 甘肃省兰州市
station2: 山西省运城市
true
[6961] username: Pramanix
trainID: LeavesofGrass
date: 48
ticketnum: 3669
station1: 吉林省图们市
station2: 天津市
true
[6970] -1
[6974] -1
[6981] username: Chen
trainID: INSCRIPTIONS
date: 52
ticketnum: 5051
station1: 河南省义马市
station2: 浙江省永康市
true
[6983] username: Frostleaf
trainID: LeavesofGrass
date: 75
ticketnum: 1025
station1: 吉林省图们市
station2: 河北省石家庄市
false
[6992] -1
[6997] -1
[7007] -1
[7013] username: Orchid
trainID: TOTHEEOLDCAUSE
date: 23
ticketnum: 16284
station1: 黑龙江省北安市
station2: 吉林省长春市
true
[7015] -1
[7025] username: Swire
trainID: puzzletheNewWorld
date: 45
ticketnum: 12117
station1: 北京市
station2: 广西梧州市
true
[7035] -1
[7042] username: Flamebringer
trainID: LeavesofGrass
date: 68
ticketnum: 5070
station1: 北京市
station2: 广东省江门市
false
[7045] -1
[7053] username: Bison
trainID: IHEARDthatyouask
date: 82
ticketnum: 13562
station1: 贵州省福泉市
station2: 湖南省湘潭市
true
[7056] -1
[7063] -1
[7068] username: Aak
trainID: LeavesofGrass
date: 74
ticketnum: 3817
station1: 北京市
station2: 天津市
true
[7070] username: Myrtle
trainID: TOFOREIGNLANDS
date: 63
ticketnum: 5127
station1: 湖北省黄石市
station2: 四川省都江堰市
true
[7072] username: Shaw
trainID: INSCRIPTIONS
date: 34
ticketnum: 6378
station1: 湖南省韶山市
station2: 陕西省华阴市
false
[7073] -1
[7080] -1
[7086] -1
[7092] -1
[7101] username: Rope
trainID: INSCRIPTIONS
date: 25
ticketnum: 10432
station1: 陕西省华阴市
station2: 陕西省渭南市
true
[7102] username: Eyjafjalla
trainID: puzzletheNewWorld
date: 64
ticketnum: 13053
station1: 浙江省杭州市
station2: 山东省淄博市
true
[7109] -1
[7116] -1
[7126] username: Myrtle
trainID: TOFOREIGNLANDS
date: 72
ticketnum: 5
station1: 安徽省滁州市
station2: 广东省清远市
true
[7129] -1
[7136] -1
[7139] -1
[7143] -1
[7145] username: Silence
trainID: TOFOREIGNLANDS
date: 41
ticketnum: 20405
station1: 贵州省贵阳市
station2: 河北省任丘市
true
[7148] -1
[7157] -1
[7158] -1
[7163] -1
[7173] -1
[7174] username: Midnight
trainID: INSCRIPTIONS
date: 28
ticketnum: 2007
station1: 陕西省延安市
station2: 河北省衡水市
true
[7183] username: Eyjafjalla
trainID: TOtheeoldcause
date: 44
ticketnum: 5993
station1: 湖北省老河口市
station2: 辽宁省本溪市
true
[7184] username: Shaw
trainID: INSCRIPTIONS
date: 41
ticketnum: 9487
station1: 北京市
station2: 河北省衡水市
true
[7187] -1
[7197] -1
[7199] -1
[7201] -1
[7210] username: Kroos
trainID: LeavesofGrass
date: 75
ticketnum: 1692
station1: 四川省德阳市
station2: 河北省石家庄市
true
[7219] -1
[7223] username: Siege
trainID: INSCRIPTIONS
date: 52
ticketnum: 303
station1: 江西省南昌市
station2: 江苏省新沂市
true
[7231] username: Jessica
trainID: LeavesofGrass
date: 52
ticketnum: 170
station1: 浙江省瑞安市
station2: 天津市
true
[7239] -1
[7245] -1
[7250] username: Myrrh
trainID: AndtodefineAmeric
date: 74
ticketnum: 2967
station1: 甘肃省兰州市
station2: 湖南省冷水江市
true
[7259] -1
[7265] username: Zima
trainID: Thousternremorsel
date: 70
ticketnum: 4293
station1: 辽宁省北宁市
station2: 江苏省张家港市
true
[7275] -1
[7282] username: Chen
trainID: LeavesofGrass
date: 58
ticketnum: 1541
station1: 重庆市南川市
station2: 吉林省图们市
true
[7283] -1
[7291] -1
[7299] -1
[7303] username: Schwarz
trainID: INSCRIPTIONS
date: 30
ticketnum: 2946
station1: 江西省南昌市
station2: 辽宁省沈阳市
true
[7307] -1
[7308] -1
[7313] -1
[7323] username: Melantha
trainID: INSCRIPTIONS
date: 27
ticketnum: 9273
station1: 陕西省华阴市
station2: 浙江省永康市
true
[7327] -1
[7330] -1
[7336] username: Eyjafjalla
trainID: INSCRIPTIONS
date: 51
ticketnum: 3123
station1: 河南省义马市
station2: 福建省永安市
true
[7345] -1
[7352] -1
[7353] username: Angelina
trainID: LeavesofGrass
date: 55
ticketnum: 4558
station1: 吉林省图们市
station2: 浙江省瑞安市
true
[7361] -1
[7370] username: Myrrh
trainID: LeavesofGrass
date: 71
ticketnum: 5128
station1: 广东省罗定市
station2: 天津市
true
[7379] username: Gravel
trainID: LeavesofGrass
date: 52
ticketnum: 2246
station1: 吉林省图们市
station2: 广东省江门市
true
[7388] username: Flamebringer
trainID: LeavesofGrass
date: 57
ticketnum: 1393
station1: 重庆市南川市
station2: 天津市
true
[7394] username: W
trainID: INSCRIPTIONS
date: 33
ticketnum: 15282
station1: 陕西省华阴市
station2: 江苏省新沂市
true
[7401] username: Jessica
trainID: LeavesofGrass
date: 64
ticketnum: 5487
station1: 山东省栖霞市
station2: 广东省江门市
true
[7407] -1
[7409] -1
[7418] -1
[7419] username: Durin
trainID: ThereforeIsendyou
date: 70
ticketnum: 3223
station1: 广东省鹤山市
station2: 黑龙江省铁力市
true
[7428] username: Yato
ticketnum: 1
[7434] -1
[7439] username: Plume
trainID: INSCRIPTIONS
date: 45
ticketnum: 3327
station1: 北京市
station2: 河南省义马市
true
[7444] -1
[7445] username: Warfarin
trainID: LeavesofGrass
date: 67
ticketnum: 4130
station1: 浙江省瑞安市
station2: 天津市
true
[7451] -1
[7456] username: Astesia
trainID: TOFOREIGNLANDS
date: 37
ticketnum: 20801
station1: 湖北省黄石市
station2: 河北省任丘市
false
[7462] -1
[7466] -1
[7474] -1
[7480] -1
[7486] -1
[7494] -1
[7501] -1
[7502] -1
[7508] -1
[7511] username: Mousse
trainID: INSCRIPTIONS
date: 29
ticketnum: 11654
station1: 江西省南昌市
station2: 陕西省华阴市
false
[7515] -1
[7517] username: Ifrit
trainID: LeavesofGrass
date: 61
ticketnum: 223
station1: 天津市
station2: 广东省江门市
true
[7521] -1
[7529] -1
[7532] username: Scavenger
trainID: TOFOREIGNLANDS
date: 33
ticketnum: 946
station1: 湖北省黄石市
station2: 安徽省滁州市
true
[7540] username: Schwarz
trainID: LeavesofGrass
date: 50
ticketnum: 3682
station1: 北京市
station2: 福建省漳州市
true
[7542] -1
[7544] -1
[7551] -1
[7554] -1
[7563] -1
[7569] -1
[7570] username: Midnight
trainID: INSCRIPTIONS
date: 52
ticketnum: 10051
station1: 陕西省渭南市
station2: 福建省永安市
true
[7572] username: Kroos
trainID: INSCRIPTIONS
date: 37
ticketnum: 1781
station1: 陕西省华阴市
station2: 河南省义马市
true
[7578] -1
[7580] -1
[7585] username: Zima
trainID: IHEARDthatyouask
date: 82
ticketnum: 2787
station1: 贵州省福泉市
station2: 河南省辉县市
true
[7592] -1
[7596] -1
[7605] -1
[7611] -1
[7617] -1
[7624] username: Cliffheart
trainID: INSCRIPTIONS
date: 46
ticketnum: 5789
station1: 北京市
station2: 河南省义马市
true
[7634] -1
[7643] username: Silence
trainID: IHEARDthatyouask
date: 84
ticketnum: 5534
station1: 广东省南雄市
station2: 河南省辉县市
true
[7644] -1
[7654] -1
[7657] username: Shaw
trainID: TOFOREIGNLANDS
date: 21
ticketnum: 12826
station1: 河南省鹤壁市
station2: 四川省峨眉山市
false
[7662] username: Rope
trainID: TOFOREIGNLANDS
date: 18
ticketnum: 11772
station1: 贵州省贵阳市
station2: 江西省上饶市
true
[7668] -1
[7671] -1
[7679] username: Platinum
trainID: LeavesofGrass
date: 66
ticketnum: 1833
station1: 河北省晋州市
station2: 广东省江门市
true
[7684] -1
[7686] -1
[7688] -1
[7693] -1
[7694] -1
[7704] -1
[7705] username: Grani
trainID: LeavesofGrass
date: 48
ticketnum: 2779
station1: 福建省莆田市
station2: 天津市
true
[7712] -1
[7714] username: Ifrit
trainID: LeavesofGrass
date: 77
ticketnum: 4750
station1: 北京市
station2: 吉林省图们市
true
[7721] -1
[7731] -1
[7736] username: Myrrh
trainID: INSCRIPTIONS
date: 37
ticketnum: 11004
station1: 陕西省华阴市
station2: 陕西省渭南市
true
[7741] -1
[7746] username: Rope
trainID: INSCRIPTIONS
date: 42
ticketnum: 5360
station1: 吉林省龙井市
station2: 江苏省新沂市
true
[7747] -1
[7757] -1
[7759] username: Warfarin
trainID: LeavesofGrass
date: 72
ticketnum: 1210
station1: 广东省江门市
station2: 河北省石家庄市
true
[7766] -1
[7767] username: Flamebringer
trainID: LeavesofGrass
date: 69
ticketnum: 1355
station1: 北京市
station2: 吉林省图们市
true
[7771] -1
[7776] -1
[7785] -1
[7791] -1
[7799] username: Eyjafjalla
trainID: TOFOREIGNLANDS
date: 15
ticketnum: 18769
station1: 河南省鹤壁市
station2: 江西省上饶市
true
[7804] username: Astesia
trainID: IHEARDthatyouask
date: 51
ticketnum: 4030
station1: 福建省龙岩市
station2: 黑龙江省海林市
true
[7806] -1
[7807] -1
[7817] -1
[7820] trainID: TOFOREIGNLANDS
[7827] username: WaaiFu
trainID: LeavesofGrass
date: 64
ticketnum: 2374
station1: 广东省罗定市
station2: 广东省江门市
true
[7834] -1
[7844] username: Shamare
trainID: IHEARDthatyouask
date: 50
ticketnum: 1039
station1: 湖南省湘潭市
station2: 广东省恩平市
true
[7848] username: Breeze
trainID: LeavesofGrass
date: 43
ticketnum: 4247
station1: 山东省栖霞市
station2: 福建省漳州市
true
[7853] username: Zima
trainID: TOFOREIGNLANDS
date: 26
ticketnum: 4568
station1: 湖北省黄石市
station2: 北京市
true
[7860] -1
[7866] username: Skadi
trainID: INSCRIPTIONS
date: 26
ticketnum: 11896
station1: 湖南省韶山市
station2: 辽宁省沈阳市
true
[7873] -1
[7878] username: Ptilopsis
trainID: IHEARDthatyouask
date: 38
ticketnum: 12834
station1: 河南省邓州市
station2: 广东省恩平市
true
[7879] -1
[7884] -1
[7891] -1
[7894] username: Kroos
trainID: LeavesofGrass
date: 66
ticketnum: 4000
station1: 河北省晋州市
station2: 河北省石家庄市
true
[7899] username: Hung
trainID: TOFOREIGNLANDS
date: 52
ticketnum: 14328
station1: 湖北省黄石市
station2: 安徽省滁州市
true
[7907] -1
[7913] username: Swire
trainID: LeavesofGrass
date: 73
ticketnum: 5761
station1: 福建省漳州市
station2: 河北省石家庄市
false
[7918] -1
[7927] -1
[7929] username: Eyjafjalla
trainID: LeavesofGrass
date: 66
ticketnum: 6500
station1: 浙江省瑞安市
station2: 广东省罗定市
true
[7933] username: Astesia
trainID: LeavesofGrass
date: 64
ticketnum: 1585
station1: 重庆市南川市
station2: 四川省德阳市
true
[7936] -1
[7939] -1
[7949] username: Angelina
trainID: TOFOREIGNLANDS
date: 44
ticketnum: 20787
station1: 江西省上饶市
station2: 河北省任丘市
true
[7956] -1
[7962] -1
[7968] username: Midnight
trainID: LeavesofGrass
date: 45
ticketnum: 4471
station1: 北京市
station2: 浙江省瑞安市
false
[7976] -1
[7984] -1
[7992] -1
[8001] -1
[8006] username: Eyjafjalla
trainID: LeavesofGrass
date: 59
ticketnum: 3182
station1: 天津市
station2: 广东省江门市
true
[8014] -1
[8021] username: Midnight
trainID: Thoupeerlesspassi
date: 10
ticketnum: 7872
station1: 河北省安国市
station2: 陕西省华阴市
true
[8023] -1
[8027] username: Zima
trainID: INSCRIPTIONS
date: 42
ticketnum: 908
station1: 河北省衡水市
station2: 辽宁省沈阳市
true
[8036] -1
[8041] -1
[8049] -1
[8056] -1
[8064] username: Ptilopsis
trainID: LeavesofGrass
date: 54
ticketnum: 4
station1: 福建省莆田市
station2: 四川省德阳市
true
[8070] -1
[8075] -1
[8079] -1
[8084] -1
[8085] username: Midnight
trainID: LeavesofGrass
date: 55
ticketnum: 6062
station1: 重庆市南川市
station2: 广东省江门市
true
[8095] username: Shamare
trainID: LeavesofGrass
date: 43
ticketnum: 1251
station1: 浙江省瑞安市
station2: 天津市
false
[8097] username: Dobermann
trainID: LeavesofGrass
date: 51
ticketnum: 6929
station1: 浙江省瑞安市
station2: 广东省江门市
true
[8106] -1
[8110] -1
[8111] username: Sesa
trainID: TOFOREIGNLANDS
date: 57
ticketnum: 854
station1: 四川省都江堰市
station2: 广东省清远市
true
[8118] username: Hibiscus
trainID: LeavesofGrass
date: 61
ticketnum: 300
station1: 浙江省瑞安市
station2: 河北省石家庄市
false
[8126] -1
[8127] -1
[8137] -1
[8146] username: I_am_the_admin
trainID: AndtodefineAmeric
date: 52
ticketnum: 12970
station1: 贵州省安顺市
station2: 甘肃省兰州市
true
[8151] -1
[8156] -1
[8165] -1
[8174] username: Nian
trainID: LeavesofGrass
date: 59
ticketnum: 4940
station1: 吉林省图们市
station2: 广东省罗定市
true
[8180] username: Swire
trainID: puzzletheNewWorld
date: 58
ticketnum: 5872
station1: 北京市
station2: 山东省淄博市
true
[8187] username: Mostima
trainID: LeavesofGrass
date: 42
ticketnum: 1960
station1: 广东省罗定市
station2: 河北省石家庄市
true
[8194] -1
[8196] -1
[8206] -1
[8210] -1
[8219] username: Ifrit
trainID: INSCRIPTIONS
date: 39
ticketnum: 3401
station1: 陕西省渭南市
station2: 江苏省新沂市
true
[8227] username: Skadi
trainID: LeavesofGrass
date: 62
ticketnum: 550
station1: 山东省栖霞市
station2: 广东省罗定市
true
[8230] -1
[8231] -1
[8236] username: Siege
trainID: IHEARDthatyouask
date: 84
ticketnum: 12085
station1: 广东省南雄市
station2: 辽宁省辽阳市
false
[8242] -1
[8246] -1
[8255] username: Ifrit
trainID: LeavesofGrass
date: 49
ticketnum: 5672
station1: 重庆市南川市
station2: 山东省栖霞市
true
[8263] -1
[8270] -1
[8272] -1
[8274] -1
[8279] username: Warfarin
trainID: LeavesofGrass
date: 50
ticketnum: 4550
station1: 福建省莆田市
station2: 福建省漳州市
true
[8285] -1
[8286] -1
[8291] -1
[8300] username: Schwarz
trainID: LeavesofGrass
date: 47
ticketnum: 2748
station1: 浙江省瑞安市
station2: 天津市
true
[8307] username: Shamare
trainID: LeavesofGrass
date: 55
ticketnum: 3989
station1: 福建省莆田市
station2: 广东省罗定市
true
[8310] -1
[8317] username: Ceylon
trainID: INSCRIPTIONS
date: 46
ticketnum: 16700
station1: 陕西省华阴市
station2: 浙江省永康市
true
[8321] -1
[8324] username: Hung
trainID: LeavesofGrass
date: 71
ticketnum: 7079
station1: 广东省江门市
station2: 河北省石家庄市
false
[8331] -1
[8337] -1
[8341] username: Siege
trainID: TOFOREIGNLANDS
date: 32
ticketnum: 22850
station1: 江西省乐平市
station2: 福建省建阳市
true
[8343] -1
[8348] -1
[8350] -1
[8359] username: Myrrh
trainID: puzzletheNewWorld
date: 46
ticketnum: 2963
station1: 北京市
station2: 广西梧州市
true
[8360] -1
[8365] -1
[8373] username: Durin
trainID: INSCRIPTIONS
date: 45
ticketnum: 4610
station1: 陕西省延安市
station2: 陕西省华阴市
true
[8380] username: Yato
trainID: TOFOREIGNLANDS
date: 33
ticketnum: 5996
station1: 江西省乐平市
station2: 广东省清远市
true
[8386] username: Kroos
trainID: LeavesofGrass
date: 50
ticketnum: 3964
station1: 浙江省瑞安市
station2: 山东省栖霞市
true
[8396] username: Lava
trainID: TOFOREIGNLANDS
date: 66
ticketnum: 10631
station1: 安徽省滁州市
station2: 河北省任丘市
true
[8405] username: Matterhorn
trainID: LeavesofGrass
date: 67
ticketnum: 2056
station1: 吉林省图们市
station2: 河北省晋州市
true
[8411] username: Breeze
trainID: LeavesofGrass
date: 60
ticketnum: 4614
station1: 浙江省瑞安市
station2: 四川省德阳市
true
[8415] -1
[8421] username: Astesia
trainID: LeavesofGrass
date: 48
ticketnum: 6014
station1: 浙江省瑞安市
station2: 河北省晋州市
true
[8423] username: Gravel
trainID: LeavesofGrass
date: 50
ticketnum: 435
station1: 河北省晋州市
station2: 四川省德阳市
true
[8426] username: Deepcolor
trainID: INSCRIPTIONS
date: 23
ticketnum: 17105
station1: 湖南省韶山市
station2: 福建省永安市
true
[8436] -1
[8442] -1
[8443] -1
[8450] username: Bibeak
trainID: IHEARDthatyouask
date: 81
ticketnum: 1835
station1: 河南省辉县市
station2: 江苏省太仓市
true
[8452] username: Yato
trainID: INSCRIPTIONS
date: 19
ticketnum: 17404
station1: 河北省衡水市
station2: 陕西省渭南市
false
[8458] -1
[8465] username: Swire
trainID: IHEARDthatyouask
date: 58
ticketnum: 14477
station1: 湖北省恩施市
station2: 吉林省龙井市
true
[8468] -1
[8475] -1
[8479] -1
[8482] -1
[8489] -1
[8493] trainID: whatyouwanted
[8502] username: Estelle
trainID: LeavesofGrass
date: 52
ticketnum: 5163
station1: 福建省莆田市
station2: 四川省德阳市
false
[8511] username: Cliffheart
trainID: LeavesofGrass
date: 48
ticketnum: 5294
station1: 福建省莆田市
station2: 四川省德阳市
true
[8517] -1
[8523] username: Midnight
trainID: puzzletheNewWorld
date: 80
ticketnum: 10499
station1: 北京市
station2: 浙江省杭州市
true
[8531] username: Weedy
trainID: LeavesofGrass
date: 57
ticketnum: 4779
station1: 北京市
station2: 河北省石家庄市
false
[8536] -1
[8539] username: Shining
trainID: LeavesofGrass
date: 57
ticketnum: 346
station1: 吉林省图们市
station2: 广东省罗定市
true
[8542] username: Matterhorn
trainID: LeavesofGrass
date: 43
ticketnum: 3809
station1: 福建省莆田市
station2: 山东省栖霞市
true
[8550] -1
[8553] -1
[8555] -1
[8561] -1
[8565] -1
[8567] -1
[8569] -1
[8577] username: Yato
trainID: LeavesofGrass
date: 62
ticketnum: 688
station1: 北京市
station2: 山东省栖霞市
true
[8579] -1
[8587] -1
[8590] -1
[8594] -1
[8604] -1
[8608] username: Shaw
trainID: TOFOREIGNLANDS
date: 54
ticketnum: 20354
station1: 福建省建阳市
station2: 四川省峨眉山市
true
[8612] username: Hibiscus
trainID: IHEARDthatyouask
date: 74
ticketnum: 10152
station1: 浙江省台州市
station2: 江苏省太仓市
true
[8618] -1
[8624] username: Breeze
trainID: TOFOREIGNLANDS
date: 45
ticketnum: 16763
station1: 四川省都江堰市
station2: 福建省建阳市
true
[8625] -1
[8632] -1
[8642] -1
[8651] -1
[8658] -1
[8661] -1
[8665] -1
[8666] username: Bison
trainID: LeavesofGrass
date: 56
ticketnum: 3966
station1: 浙江省瑞安市
station2: 山东省栖霞市
true
[8669] -1
[8673] -1
[8683] username: Gummy
trainID: LeavesofGrass
date: 68
ticketnum: 1102
station1: 四川省德阳市
station2: 河北省石家庄市
true
[8687] username: Cliffheart
trainID: TOFOREIGNLANDS
date: 16
ticketnum: 11990
station1: 湖北省黄石市
station2: 四川省都江堰市
true
[8690] username: Plume
trainID: LeavesofGrass
date: 59
ticketnum: 773
station1: 浙江省瑞安市
station2: 四川省德阳市
true
[8692] -1
[8699] -1
[8707] username: Gummy
trainID: INSCRIPTIONS
date: 44
ticketnum: 14425
station1: 河北省衡水市
station2: 湖南省韶山市
true
[8713] username: Rope
trainID: LeavesofGrass
date: 45
ticketnum: 4713
station1: 重庆市南川市
station2: 广东省江门市
true
[8723] -1
[8726] -1
[8731] username: Savage
trainID: TOFOREIGNLANDS
date: 55
ticketnum: 1180
station1: 北京市
station2: 江西省上饶市
true
[8733] -1
[8743] -1
[8747] -1
[8754] username: Frostleaf
trainID: LeavesofGrass
date: 69
ticketnum: 1835
station1: 重庆市南川市
station2: 广东省江门市
true
[8755] username: Grani
trainID: LeavesofGrass
date: 56
ticketnum: 437
station1: 浙江省瑞安市
station2: 山东省栖霞市
true
[8758] username: Greyy
trainID: LeavesofGrass
date: 61
ticketnum: 4641
station1: 重庆市南川市
station2: 吉林省图们市
true
[8765] -1
[8769] username: Ifrit
trainID: LeavesofGrass
date: 49
ticketnum: 5325
station1: 北京市
station2: 四川省德阳市
true
[8771] username: Executor
trainID: INSCRIPTIONS
date: 23
ticketnum: 4250
station1: 陕西省延安市
station2: 安徽省桐城市
true
[8776] username: Jessica
trainID: INSCRIPTIONS
date: 40
ticketnum: 17427
station1: 江西省南昌市
station2: 江苏省新沂市
true
[8786] -1
[8787] username: Dobermann
trainID: LeavesofGrass
date: 60
ticketnum: 3758
station1: 重庆市南川市
station2: 福建省莆田市
true
[8793] username: Ceobe
trainID: LeavesofGrass
date: 57
ticketnum: 3158
station1: 河北省晋州市
station2: 广东省罗定市
true
[8802] username: Gitano
ticketnum: 5
[8808] username: Executor
trainID: LeavesofGrass
date: 62
ticketnum: 4677
station1: 浙江省瑞安市
station2: 福建省漳州市
true
[8818] -1
[8823] -1
[8829] username: Matoimaru
trainID: INSCRIPTIONS
date: 23
ticketnum: 3260
station1: 北京市
station2: 福建省永安市
false
[8836] -1
[8841] -1
[8845] username: Jessica
trainID: puzzletheNewWorld
date: 63
ticketnum: 12381
station1: 浙江省杭州市
station2: 山东省淄博市
true
[8853] -1
[8857] -1
[8860] -1
[8867] -1
[8875] username: Warfarin
trainID: LeavesofGrass
date: 74
ticketnum: 6016
station1: 北京市
station2: 重庆市南川市
false
[8880] -1
[8886] username: Earthspirit
trainID: IHEARDthatyouask
date: 68
ticketnum: 5477
station1: 广东省南雄市
station2: 吉林省龙井市
true
[8893] -1
[8903] -1
[8904] -1
[8907] -1
[8915] -1
[8925] username: Vigna
trainID: INSCRIPTIONS
date: 24
ticketnum: 1255
station1: 安徽省桐城市
station2: 陕西省渭南市
true
[8933] -1
[8936] username: Jessica
trainID: Thoupeerlesspassi
date: 54
ticketnum: 14267
station1: 云南省潞西市
station2: 贵州省赤水市
false
[8940] -1
[8945] username: Astesia
trainID: LeavesofGrass
date: 55
ticketnum: 1630
station1: 广东省罗定市
station2: 广东省江门市
true
[8955] -1
[8956] -1
[8966] username: Sideroca
trainID: LeavesofGrass
date: 63
ticketnum: 5941
station1: 吉林省图们市
station2: 福建省漳州市
true
[8974] username: Astesia
trainID: INSCRIPTIONS
date: 53
ticketnum: 6337
station1: 安徽省桐城市
station2: 江苏省新沂市
true
[8983] -1
[8993] -1
[8995] -1
[8996] username: Zima
trainID: LeavesofGrass
date: 43
ticketnum: 4635
station1: 北京市
station2: 重庆市南川市
false
[9006] -1
[9011] -1
[9021] username: Pramanix
trainID: LeavesofGrass
date: 58
ticketnum: 799
station1: 福建省漳州市
station2: 广东省江门市
true
[9025] -1
[9033] -1
[9035] username: Swire
trainID: IHEARDthatyouask
date: 33
ticketnum: 8123
station1: 贵州省福泉市
station2: 吉林省龙井市
true
[9044] username: Gravel
trainID: LeavesofGrass
date: 50
ticketnum: 2493
station1: 浙江省瑞安市
station2: 河北省晋州市
true
[9048] -1
[9057] bye
